<html>
<body>
<pre>
<h1>µVision Build Log</h1>
<h2>Project:</h2>
C:\Users\lenovo\Desktop\ÖÇÄÜÈ¼ÆøÖÕ¶Ë433°æ±¾\Project\RVMDK£¨uv4£©\iSO-STM32.uvproj
Project File Date:  02/07/2017

<h2>Output:</h2>
Build target 'USART1£¨interrupt£©'
compiling gprs.c...
..\..\User\gprs\gprs.c(63): warning:  #177-D: variable "i" was declared but never referenced
..\..\User\gprs\gprs.c(381): warning:  #177-D: variable "PayloadLen" was declared but never referenced
..\..\User\gprs\gprs.c(382): warning:  #177-D: variable "CrcVerify" was declared but never referenced
..\..\User\gprs\gprs.c(383): warning:  #177-D: variable "CrcRecev" was declared but never referenced
..\..\User\gprs\gprs.c(842): warning:  #186-D: pointless comparison of unsigned integer with zero
..\..\User\gprs\gprs.c(773): warning:  #177-D: variable "CharArry" was declared but never referenced
..\..\User\gprs\gprs.c(774): warning:  #177-D: variable "length" was declared but never referenced
..\..\User\gprs\gprs.c(777): warning:  #177-D: variable "i" was declared but never referenced
compiling AiderProtocol.c...
..\..\User\Aider_Data_Protocol\AiderProtocol.c(212): warning:  #188-D: enumerated type mixed with another type
..\..\User\Aider_Data_Protocol\AiderProtocol.c(341): warning:  #188-D: enumerated type mixed with another type
..\..\User\Aider_Data_Protocol\AiderProtocol.c(345): warning:  #188-D: enumerated type mixed with another type
..\..\User\Aider_Data_Protocol\AiderProtocol.c(360): warning:  #188-D: enumerated type mixed with another type
..\..\User\Aider_Data_Protocol\AiderProtocol.c(361): warning:  #188-D: enumerated type mixed with another type
..\..\User\Aider_Data_Protocol\AiderProtocol.c(382): warning:  #188-D: enumerated type mixed with another type
..\..\User\Aider_Data_Protocol\AiderProtocol.c(393): warning:  #188-D: enumerated type mixed with another type
..\..\User\Aider_Data_Protocol\AiderProtocol.c(506): warning:  #188-D: enumerated type mixed with another type
..\..\User\Aider_Data_Protocol\AiderProtocol.c(605): warning:  #188-D: enumerated type mixed with another type
..\..\User\Aider_Data_Protocol\AiderProtocol.c(610): warning:  #188-D: enumerated type mixed with another type
..\..\User\Aider_Data_Protocol\AiderProtocol.c(625): warning:  #61-D: integer operation result is out of range
..\..\User\Aider_Data_Protocol\AiderProtocol.c(745): warning:  #188-D: enumerated type mixed with another type
..\..\User\Aider_Data_Protocol\AiderProtocol.c(750): warning:  #188-D: enumerated type mixed with another type
..\..\User\Aider_Data_Protocol\AiderProtocol.c(765): warning:  #61-D: integer operation result is out of range
..\..\User\Aider_Data_Protocol\AiderProtocol.c(960): warning:  #188-D: enumerated type mixed with another type
..\..\User\Aider_Data_Protocol\AiderProtocol.c(861): warning:  #177-D: variable "k" was declared but never referenced
..\..\User\Aider_Data_Protocol\AiderProtocol.c(1061): warning:  #188-D: enumerated type mixed with another type
..\..\User\Aider_Data_Protocol\AiderProtocol.c(1082): warning:  #188-D: enumerated type mixed with another type
..\..\User\Aider_Data_Protocol\AiderProtocol.c(1096): warning:  #188-D: enumerated type mixed with another type
..\..\User\Aider_Data_Protocol\AiderProtocol.c(1110): warning:  #188-D: enumerated type mixed with another type
..\..\User\Aider_Data_Protocol\AiderProtocol.c(1125): warning:  #61-D: integer operation result is out of range
..\..\User\Aider_Data_Protocol\AiderProtocol.c(1125): warning:  #188-D: enumerated type mixed with another type
..\..\User\Aider_Data_Protocol\AiderProtocol.c(1140): warning:  #188-D: enumerated type mixed with another type
..\..\User\Aider_Data_Protocol\AiderProtocol.c(1217): warning:  #188-D: enumerated type mixed with another type
..\..\User\Aider_Data_Protocol\AiderProtocol.c(1243): warning:  #188-D: enumerated type mixed with another type
..\..\User\Aider_Data_Protocol\AiderProtocol.c(1275): warning:  #188-D: enumerated type mixed with another type
..\..\User\Aider_Data_Protocol\AiderProtocol.c(1301): warning:  #188-D: enumerated type mixed with another type
..\..\User\Aider_Data_Protocol\AiderProtocol.c(1318): warning:  #188-D: enumerated type mixed with another type
..\..\User\Aider_Data_Protocol\AiderProtocol.c(1021): warning:  #177-D: variable "j" was declared but never referenced
..\..\User\Aider_Data_Protocol\AiderProtocol.c(1024): warning:  #550-D: variable "ParaRequest" was set but never used
..\..\User\Aider_Data_Protocol\AiderProtocol.c(1027): warning:  #177-D: variable "SendTagList" was declared but never referenced
..\..\User\Aider_Data_Protocol\AiderProtocol.c(1028): warning:  #177-D: variable "SendTagNum" was declared but never referenced
linking...
Program Size: Code=27804 RO-data=596 RW-data=164 ZI-data=5196  
FromELF: creating hex file...
"..\..\Output\Template.axf" - 0 Errors, 40 Warning(s).
Build target 'USART1£¨interrupt£©'
compiling gprs.c...
..\..\User\gprs\gprs.c(63): warning:  #177-D: variable "i" was declared but never referenced
..\..\User\gprs\gprs.c(381): warning:  #177-D: variable "PayloadLen" was declared but never referenced
..\..\User\gprs\gprs.c(382): warning:  #177-D: variable "CrcVerify" was declared but never referenced
..\..\User\gprs\gprs.c(383): warning:  #177-D: variable "CrcRecev" was declared but never referenced
..\..\User\gprs\gprs.c(842): warning:  #186-D: pointless comparison of unsigned integer with zero
..\..\User\gprs\gprs.c(773): warning:  #177-D: variable "CharArry" was declared but never referenced
..\..\User\gprs\gprs.c(774): warning:  #177-D: variable "length" was declared but never referenced
..\..\User\gprs\gprs.c(777): warning:  #177-D: variable "i" was declared but never referenced
linking...
Program Size: Code=27804 RO-data=596 RW-data=164 ZI-data=5196  
FromELF: creating hex file...
"..\..\Output\Template.axf" - 0 Errors, 8 Warning(s).
Load "..\\..\\Output\\Template.axf" 
Set JLink Project File to "C:\Users\lenovo\Desktop\ÖÇÄÜÈ¼ÆøÖÕ¶Ë433°æ±¾\Project\RVMDK£¨uv4£©\JLinkSettings.ini"
* JLink Info: Device "STM32F103RC" selected (256 KB flash, 48 KB RAM).
 
JLink info:
------------
DLL: V4.60a, compiled Jan 16 2013 17:15:30
Firmware: J-Link ARM V8 compiled Nov 14 2012 22:34:52
Hardware: V8.00
S/N : 304427362 
Feature(s) : RDI,FlashDL,FlashBP,JFlash,GDBFULL 
 
* JLink Info: Found SWD-DP with ID 0x1BA01477
* JLink Info: Found SWD-DP with ID 0x1BA01477
* JLink Info: TPIU fitted.
* JLink Info: ETM fitted.
* JLink Info: FPUnit: 6 code (BP) slots and 2 literal slots
* JLink Info: Found Cortex-M3 r1p1, Little endian.
ROMTableAddr = 0xE00FF003
 
Target info:
------------
Device: STM32F103RC
VTarget = 3.287V
State of Pins: 
TCK: 0, TDI: 0, TDO: 0, TMS: 1, TRES: 1, TRST: 1
Hardware-Breakpoints: 6
Software-Breakpoints: 8192
Watchpoints:          4
JTAG speed: 500 kHz
 
Full Chip Erase Done.
Programming Done.
Verify OK.
Application running ...
Build target 'USART1£¨interrupt£©'
compiling main.c...
..\..\User\main.c(282): warning:  #61-D: integer operation result is out of range
..\..\User\main.c(282): warning:  #188-D: enumerated type mixed with another type
..\..\User\main.c(283): warning:  #188-D: enumerated type mixed with another type
..\..\User\main.c(500): warning:  #188-D: enumerated type mixed with another type
compiling stm32f10x_it.c...
..\..\User\stm32f10x_it.c(334): warning:  #550-D: variable "i" was set but never used
compiling gprs.c...
..\..\User\gprs\gprs.c(63): warning:  #177-D: variable "i" was declared but never referenced
..\..\User\gprs\gprs.c(381): warning:  #177-D: variable "PayloadLen" was declared but never referenced
..\..\User\gprs\gprs.c(382): warning:  #177-D: variable "CrcVerify" was declared but never referenced
..\..\User\gprs\gprs.c(383): warning:  #177-D: variable "CrcRecev" was declared but never referenced
..\..\User\gprs\gprs.c(842): warning:  #186-D: pointless comparison of unsigned integer with zero
..\..\User\gprs\gprs.c(773): warning:  #177-D: variable "CharArry" was declared but never referenced
..\..\User\gprs\gprs.c(774): warning:  #177-D: variable "length" was declared but never referenced
..\..\User\gprs\gprs.c(777): warning:  #177-D: variable "i" was declared but never referenced
compiling bsp_rtc.c...
compiling AiderProtocol.c...
..\..\User\Aider_Data_Protocol\AiderProtocol.c(212): warning:  #188-D: enumerated type mixed with another type
..\..\User\Aider_Data_Protocol\AiderProtocol.c(341): warning:  #188-D: enumerated type mixed with another type
..\..\User\Aider_Data_Protocol\AiderProtocol.c(345): warning:  #188-D: enumerated type mixed with another type
..\..\User\Aider_Data_Protocol\AiderProtocol.c(360): warning:  #188-D: enumerated type mixed with another type
..\..\User\Aider_Data_Protocol\AiderProtocol.c(361): warning:  #188-D: enumerated type mixed with another type
..\..\User\Aider_Data_Protocol\AiderProtocol.c(382): warning:  #188-D: enumerated type mixed with another type
..\..\User\Aider_Data_Protocol\AiderProtocol.c(393): warning:  #188-D: enumerated type mixed with another type
..\..\User\Aider_Data_Protocol\AiderProtocol.c(506): warning:  #188-D: enumerated type mixed with another type
..\..\User\Aider_Data_Protocol\AiderProtocol.c(605): warning:  #188-D: enumerated type mixed with another type
..\..\User\Aider_Data_Protocol\AiderProtocol.c(610): warning:  #188-D: enumerated type mixed with another type
..\..\User\Aider_Data_Protocol\AiderProtocol.c(625): warning:  #61-D: integer operation result is out of range
..\..\User\Aider_Data_Protocol\AiderProtocol.c(745): warning:  #188-D: enumerated type mixed with another type
..\..\User\Aider_Data_Protocol\AiderProtocol.c(750): warning:  #188-D: enumerated type mixed with another type
..\..\User\Aider_Data_Protocol\AiderProtocol.c(765): warning:  #61-D: integer operation result is out of range
..\..\User\Aider_Data_Protocol\AiderProtocol.c(960): warning:  #188-D: enumerated type mixed with another type
..\..\User\Aider_Data_Protocol\AiderProtocol.c(861): warning:  #177-D: variable "k" was declared but never referenced
..\..\User\Aider_Data_Protocol\AiderProtocol.c(1061): warning:  #188-D: enumerated type mixed with another type
..\..\User\Aider_Data_Protocol\AiderProtocol.c(1082): warning:  #188-D: enumerated type mixed with another type
..\..\User\Aider_Data_Protocol\AiderProtocol.c(1096): warning:  #188-D: enumerated type mixed with another type
..\..\User\Aider_Data_Protocol\AiderProtocol.c(1110): warning:  #188-D: enumerated type mixed with another type
..\..\User\Aider_Data_Protocol\AiderProtocol.c(1125): warning:  #61-D: integer operation result is out of range
..\..\User\Aider_Data_Protocol\AiderProtocol.c(1125): warning:  #188-D: enumerated type mixed with another type
..\..\User\Aider_Data_Protocol\AiderProtocol.c(1140): warning:  #188-D: enumerated type mixed with another type
..\..\User\Aider_Data_Protocol\AiderProtocol.c(1217): warning:  #188-D: enumerated type mixed with another type
..\..\User\Aider_Data_Protocol\AiderProtocol.c(1243): warning:  #188-D: enumerated type mixed with another type
..\..\User\Aider_Data_Protocol\AiderProtocol.c(1275): warning:  #188-D: enumerated type mixed with another type
..\..\User\Aider_Data_Protocol\AiderProtocol.c(1301): warning:  #188-D: enumerated type mixed with another type
..\..\User\Aider_Data_Protocol\AiderProtocol.c(1318): warning:  #188-D: enumerated type mixed with another type
..\..\User\Aider_Data_Protocol\AiderProtocol.c(1021): warning:  #177-D: variable "j" was declared but never referenced
..\..\User\Aider_Data_Protocol\AiderProtocol.c(1024): warning:  #550-D: variable "ParaRequest" was set but never used
..\..\User\Aider_Data_Protocol\AiderProtocol.c(1027): warning:  #177-D: variable "SendTagList" was declared but never referenced
..\..\User\Aider_Data_Protocol\AiderProtocol.c(1028): warning:  #177-D: variable "SendTagNum" was declared but never referenced
compiling 433_Wiminet.c...
compiling common.c...
compiling DS2780.c...
..\..\User\DS2780\DS2780.c(42): warning:  #550-D: variable "dats1" was set but never used
..\..\User\DS2780\DS2780.c(42): warning:  #550-D: variable "dats3" was set but never used
compiling test.c...
..\..\User\test\test.c(46): warning:  #167-D: argument of type "unsigned char *" is incompatible with parameter of type "const char *"
..\..\User\test\test.c(47): warning:  #167-D: argument of type "unsigned char *" is incompatible with parameter of type "const char *"
..\..\User\test\test.c(48): warning:  #167-D: argument of type "unsigned char *" is incompatible with parameter of type "const char *"
compiling SensorInit.c...
..\..\User\SensorInit\SensorInit.c(12): warning:  #177-D: variable "NodeID" was declared but never referenced
linking...
Program Size: Code=29980 RO-data=596 RW-data=164 ZI-data=5196  
FromELF: creating hex file...
"..\..\Output\Template.axf" - 0 Errors, 51 Warning(s).
Load "..\\..\\Output\\Template.axf" 
Set JLink Project File to "C:\Users\lenovo\Desktop\ÖÇÄÜÈ¼ÆøÖÕ¶Ë433°æ±¾\Project\RVMDK£¨uv4£©\JLinkSettings.ini"
* JLink Info: Device "STM32F103RC" selected (256 KB flash, 48 KB RAM).
 
JLink info:
------------
DLL: V4.60a, compiled Jan 16 2013 17:15:30
Firmware: J-Link ARM V8 compiled Nov 14 2012 22:34:52
Hardware: V8.00
S/N : 304427362 
Feature(s) : RDI,FlashDL,FlashBP,JFlash,GDBFULL 
 
* JLink Info: Found SWD-DP with ID 0x1BA01477
* JLink Info: Found SWD-DP with ID 0x1BA01477
* JLink Info: TPIU fitted.
* JLink Info: ETM fitted.
* JLink Info: FPUnit: 6 code (BP) slots and 2 literal slots
* JLink Info: Found Cortex-M3 r1p1, Little endian.
ROMTableAddr = 0xE00FF003
 
Target info:
------------
Device: STM32F103RC
VTarget = 3.287V
State of Pins: 
TCK: 0, TDI: 0, TDO: 0, TMS: 1, TRES: 1, TRST: 1
Hardware-Breakpoints: 6
Software-Breakpoints: 8192
Watchpoints:          4
JTAG speed: 500 kHz
 
Full Chip Erase Done.
Programming Done.
Verify OK.
Application running ...
Build target 'USART1£¨interrupt£©'
compiling main.c...
..\..\User\main.c(282): warning:  #61-D: integer operation result is out of range
..\..\User\main.c(282): warning:  #188-D: enumerated type mixed with another type
..\..\User\main.c(283): warning:  #188-D: enumerated type mixed with another type
..\..\User\main.c(500): warning:  #188-D: enumerated type mixed with another type
compiling stm32f10x_it.c...
..\..\User\stm32f10x_it.c(334): warning:  #550-D: variable "i" was set but never used
compiling gprs.c...
..\..\User\gprs\gprs.c(63): warning:  #177-D: variable "i" was declared but never referenced
..\..\User\gprs\gprs.c(381): warning:  #177-D: variable "PayloadLen" was declared but never referenced
..\..\User\gprs\gprs.c(382): warning:  #177-D: variable "CrcVerify" was declared but never referenced
..\..\User\gprs\gprs.c(383): warning:  #177-D: variable "CrcRecev" was declared but never referenced
..\..\User\gprs\gprs.c(842): warning:  #186-D: pointless comparison of unsigned integer with zero
..\..\User\gprs\gprs.c(773): warning:  #177-D: variable "CharArry" was declared but never referenced
..\..\User\gprs\gprs.c(774): warning:  #177-D: variable "length" was declared but never referenced
..\..\User\gprs\gprs.c(777): warning:  #177-D: variable "i" was declared but never referenced
compiling bsp_rtc.c...
compiling AiderProtocol.c...
..\..\User\Aider_Data_Protocol\AiderProtocol.c(212): warning:  #188-D: enumerated type mixed with another type
..\..\User\Aider_Data_Protocol\AiderProtocol.c(341): warning:  #188-D: enumerated type mixed with another type
..\..\User\Aider_Data_Protocol\AiderProtocol.c(345): warning:  #188-D: enumerated type mixed with another type
..\..\User\Aider_Data_Protocol\AiderProtocol.c(360): warning:  #188-D: enumerated type mixed with another type
..\..\User\Aider_Data_Protocol\AiderProtocol.c(361): warning:  #188-D: enumerated type mixed with another type
..\..\User\Aider_Data_Protocol\AiderProtocol.c(382): warning:  #188-D: enumerated type mixed with another type
..\..\User\Aider_Data_Protocol\AiderProtocol.c(393): warning:  #188-D: enumerated type mixed with another type
..\..\User\Aider_Data_Protocol\AiderProtocol.c(506): warning:  #188-D: enumerated type mixed with another type
..\..\User\Aider_Data_Protocol\AiderProtocol.c(605): warning:  #188-D: enumerated type mixed with another type
..\..\User\Aider_Data_Protocol\AiderProtocol.c(610): warning:  #188-D: enumerated type mixed with another type
..\..\User\Aider_Data_Protocol\AiderProtocol.c(625): warning:  #61-D: integer operation result is out of range
..\..\User\Aider_Data_Protocol\AiderProtocol.c(745): warning:  #188-D: enumerated type mixed with another type
..\..\User\Aider_Data_Protocol\AiderProtocol.c(750): warning:  #188-D: enumerated type mixed with another type
..\..\User\Aider_Data_Protocol\AiderProtocol.c(765): warning:  #61-D: integer operation result is out of range
..\..\User\Aider_Data_Protocol\AiderProtocol.c(960): warning:  #188-D: enumerated type mixed with another type
..\..\User\Aider_Data_Protocol\AiderProtocol.c(861): warning:  #177-D: variable "k" was declared but never referenced
..\..\User\Aider_Data_Protocol\AiderProtocol.c(1061): warning:  #188-D: enumerated type mixed with another type
..\..\User\Aider_Data_Protocol\AiderProtocol.c(1082): warning:  #188-D: enumerated type mixed with another type
..\..\User\Aider_Data_Protocol\AiderProtocol.c(1096): warning:  #188-D: enumerated type mixed with another type
..\..\User\Aider_Data_Protocol\AiderProtocol.c(1110): warning:  #188-D: enumerated type mixed with another type
..\..\User\Aider_Data_Protocol\AiderProtocol.c(1125): warning:  #61-D: integer operation result is out of range
..\..\User\Aider_Data_Protocol\AiderProtocol.c(1125): warning:  #188-D: enumerated type mixed with another type
..\..\User\Aider_Data_Protocol\AiderProtocol.c(1140): warning:  #188-D: enumerated type mixed with another type
..\..\User\Aider_Data_Protocol\AiderProtocol.c(1217): warning:  #188-D: enumerated type mixed with another type
..\..\User\Aider_Data_Protocol\AiderProtocol.c(1243): warning:  #188-D: enumerated type mixed with another type
..\..\User\Aider_Data_Protocol\AiderProtocol.c(1275): warning:  #188-D: enumerated type mixed with another type
..\..\User\Aider_Data_Protocol\AiderProtocol.c(1301): warning:  #188-D: enumerated type mixed with another type
..\..\User\Aider_Data_Protocol\AiderProtocol.c(1318): warning:  #188-D: enumerated type mixed with another type
..\..\User\Aider_Data_Protocol\AiderProtocol.c(1021): warning:  #177-D: variable "j" was declared but never referenced
..\..\User\Aider_Data_Protocol\AiderProtocol.c(1024): warning:  #550-D: variable "ParaRequest" was set but never used
..\..\User\Aider_Data_Protocol\AiderProtocol.c(1027): warning:  #177-D: variable "SendTagList" was declared but never referenced
..\..\User\Aider_Data_Protocol\AiderProtocol.c(1028): warning:  #177-D: variable "SendTagNum" was declared but never referenced
compiling 433_Wiminet.c...
compiling common.c...
compiling DS2780.c...
..\..\User\DS2780\DS2780.c(42): warning:  #550-D: variable "dats1" was set but never used
..\..\User\DS2780\DS2780.c(42): warning:  #550-D: variable "dats3" was set but never used
compiling test.c...
..\..\User\test\test.c(46): warning:  #167-D: argument of type "unsigned char *" is incompatible with parameter of type "const char *"
..\..\User\test\test.c(47): warning:  #167-D: argument of type "unsigned char *" is incompatible with parameter of type "const char *"
..\..\User\test\test.c(48): warning:  #167-D: argument of type "unsigned char *" is incompatible with parameter of type "const char *"
compiling SensorInit.c...
..\..\User\SensorInit\SensorInit.c(12): warning:  #177-D: variable "NodeID" was declared but never referenced
linking...
Program Size: Code=27804 RO-data=596 RW-data=164 ZI-data=5196  
FromELF: creating hex file...
"..\..\Output\Template.axf" - 0 Errors, 51 Warning(s).
Build target 'USART1£¨interrupt£©'
linking...
Program Size: Code=27804 RO-data=596 RW-data=164 ZI-data=5196  
FromELF: creating hex file...
"..\..\Output\Template.axf" - 0 Errors, 0 Warning(s).
Load "..\\..\\Output\\Template.axf" 
Set JLink Project File to "C:\Users\lenovo\Desktop\ÖÇÄÜÈ¼ÆøÖÕ¶Ë433°æ±¾\Project\RVMDK£¨uv4£©\JLinkSettings.ini"
* JLink Info: Device "STM32F103RC" selected (256 KB flash, 48 KB RAM).
 
JLink info:
------------
DLL: V4.60a, compiled Jan 16 2013 17:15:30
Firmware: J-Link ARM V8 compiled Nov 14 2012 22:34:52
Hardware: V8.00
S/N : 304427362 
Feature(s) : RDI,FlashDL,FlashBP,JFlash,GDBFULL 
 
* JLink Info: Found SWD-DP with ID 0x1BA01477
* JLink Info: Found SWD-DP with ID 0x1BA01477
* JLink Info: TPIU fitted.
* JLink Info: ETM fitted.
* JLink Info: FPUnit: 6 code (BP) slots and 2 literal slots
* JLink Info: Found Cortex-M3 r1p1, Little endian.
ROMTableAddr = 0xE00FF003
**JLink Warning: S_RESET_ST not cleared
**JLink Warning: CPU did not halt after reset.
**JLink Warning: CPU could not be halted
* JLink Info: Core did not halt after reset, trying to disable WDT.
**JLink Warning: CPU did not halt after reset.
**JLink Warning: CPU could not be halted
**JLink Warning: S_RESET_ST not cleared
* JLink Info: Found SWD-DP with ID 0x1BA01477
* JLink Info: TPIU fitted.
* JLink Info: ETM fitted.
* JLink Info: FPUnit: 6 code (BP) slots and 2 literal slots
* JLink Info: Found Cortex-M3 r1p1, Little endian.
**JLink Warning: S_RESET_ST not cleared
**JLink Warning: CPU did not halt after reset.
**JLink Warning: CPU could not be halted
* JLink Info: Core did not halt after reset, trying to disable WDT.
**JLink Warning: CPU did not halt after reset.
**JLink Warning: CPU could not be halted
**JLink Warning: S_RESET_ST not cleared
**JLink Warning: CPU could not be halted
Load "..\\..\\Output\\Template.axf" 
Set JLink Project File to "C:\Users\lenovo\Desktop\ÖÇÄÜÈ¼ÆøÖÕ¶Ë433°æ±¾\Project\RVMDK£¨uv4£©\JLinkSettings.ini"
* JLink Info: Device "STM32F103RC" selected (256 KB flash, 48 KB RAM).
 
JLink info:
------------
DLL: V4.60a, compiled Jan 16 2013 17:15:30
Firmware: J-Link ARM V8 compiled Nov 14 2012 22:34:52
Hardware: V8.00
S/N : 304427362 
Feature(s) : RDI,FlashDL,FlashBP,JFlash,GDBFULL 
 
* JLink Info: Found SWD-DP with ID 0x1BA01477
* JLink Info: Found SWD-DP with ID 0x1BA01477
* JLink Info: TPIU fitted.
* JLink Info: ETM fitted.
* JLink Info: FPUnit: 6 code (BP) slots and 2 literal slots
* JLink Info: Found Cortex-M3 r1p1, Little endian.
ROMTableAddr = 0xE00FF003
 
Target info:
------------
Device: STM32F103RC
VTarget = 3.287V
State of Pins: 
TCK: 0, TDI: 0, TDO: 0, TMS: 1, TRES: 1, TRST: 1
Hardware-Breakpoints: 6
Software-Breakpoints: 8192
Watchpoints:          4
JTAG speed: 500 kHz
 
Full Chip Erase Done.
Programming Done.
Verify OK.
Application running ...
Build target 'USART1£¨interrupt£©'
compiling AiderProtocol.c...
..\..\User\Aider_Data_Protocol\AiderProtocol.c(212): warning:  #188-D: enumerated type mixed with another type
..\..\User\Aider_Data_Protocol\AiderProtocol.c(341): warning:  #188-D: enumerated type mixed with another type
..\..\User\Aider_Data_Protocol\AiderProtocol.c(345): warning:  #188-D: enumerated type mixed with another type
..\..\User\Aider_Data_Protocol\AiderProtocol.c(360): warning:  #188-D: enumerated type mixed with another type
..\..\User\Aider_Data_Protocol\AiderProtocol.c(361): warning:  #188-D: enumerated type mixed with another type
..\..\User\Aider_Data_Protocol\AiderProtocol.c(382): warning:  #188-D: enumerated type mixed with another type
..\..\User\Aider_Data_Protocol\AiderProtocol.c(393): warning:  #188-D: enumerated type mixed with another type
..\..\User\Aider_Data_Protocol\AiderProtocol.c(506): warning:  #188-D: enumerated type mixed with another type
..\..\User\Aider_Data_Protocol\AiderProtocol.c(605): warning:  #188-D: enumerated type mixed with another type
..\..\User\Aider_Data_Protocol\AiderProtocol.c(610): warning:  #188-D: enumerated type mixed with another type
..\..\User\Aider_Data_Protocol\AiderProtocol.c(625): warning:  #61-D: integer operation result is out of range
..\..\User\Aider_Data_Protocol\AiderProtocol.c(745): warning:  #188-D: enumerated type mixed with another type
..\..\User\Aider_Data_Protocol\AiderProtocol.c(750): warning:  #188-D: enumerated type mixed with another type
..\..\User\Aider_Data_Protocol\AiderProtocol.c(765): warning:  #61-D: integer operation result is out of range
..\..\User\Aider_Data_Protocol\AiderProtocol.c(960): warning:  #188-D: enumerated type mixed with another type
..\..\User\Aider_Data_Protocol\AiderProtocol.c(861): warning:  #177-D: variable "k" was declared but never referenced
..\..\User\Aider_Data_Protocol\AiderProtocol.c(1061): warning:  #188-D: enumerated type mixed with another type
..\..\User\Aider_Data_Protocol\AiderProtocol.c(1082): warning:  #188-D: enumerated type mixed with another type
..\..\User\Aider_Data_Protocol\AiderProtocol.c(1096): warning:  #188-D: enumerated type mixed with another type
..\..\User\Aider_Data_Protocol\AiderProtocol.c(1110): warning:  #188-D: enumerated type mixed with another type
..\..\User\Aider_Data_Protocol\AiderProtocol.c(1125): warning:  #61-D: integer operation result is out of range
..\..\User\Aider_Data_Protocol\AiderProtocol.c(1125): warning:  #188-D: enumerated type mixed with another type
..\..\User\Aider_Data_Protocol\AiderProtocol.c(1140): warning:  #188-D: enumerated type mixed with another type
..\..\User\Aider_Data_Protocol\AiderProtocol.c(1217): warning:  #188-D: enumerated type mixed with another type
..\..\User\Aider_Data_Protocol\AiderProtocol.c(1243): warning:  #188-D: enumerated type mixed with another type
..\..\User\Aider_Data_Protocol\AiderProtocol.c(1275): warning:  #188-D: enumerated type mixed with another type
..\..\User\Aider_Data_Protocol\AiderProtocol.c(1301): warning:  #188-D: enumerated type mixed with another type
..\..\User\Aider_Data_Protocol\AiderProtocol.c(1320): warning:  #188-D: enumerated type mixed with another type
..\..\User\Aider_Data_Protocol\AiderProtocol.c(1021): warning:  #177-D: variable "j" was declared but never referenced
..\..\User\Aider_Data_Protocol\AiderProtocol.c(1024): warning:  #550-D: variable "ParaRequest" was set but never used
..\..\User\Aider_Data_Protocol\AiderProtocol.c(1027): warning:  #177-D: variable "SendTagList" was declared but never referenced
..\..\User\Aider_Data_Protocol\AiderProtocol.c(1028): warning:  #177-D: variable "SendTagNum" was declared but never referenced
linking...
Program Size: Code=27852 RO-data=596 RW-data=164 ZI-data=5196  
FromELF: creating hex file...
"..\..\Output\Template.axf" - 0 Errors, 32 Warning(s).
Build target 'USART1£¨interrupt£©'
linking...
Program Size: Code=27852 RO-data=596 RW-data=164 ZI-data=5196  
FromELF: creating hex file...
"..\..\Output\Template.axf" - 0 Errors, 0 Warning(s).
Build target 'USART1£¨interrupt£©'
compiling AiderProtocol.c...
..\..\User\Aider_Data_Protocol\AiderProtocol.c(212): warning:  #188-D: enumerated type mixed with another type
..\..\User\Aider_Data_Protocol\AiderProtocol.c(342): warning:  #188-D: enumerated type mixed with another type
..\..\User\Aider_Data_Protocol\AiderProtocol.c(346): warning:  #188-D: enumerated type mixed with another type
..\..\User\Aider_Data_Protocol\AiderProtocol.c(361): warning:  #188-D: enumerated type mixed with another type
..\..\User\Aider_Data_Protocol\AiderProtocol.c(362): warning:  #188-D: enumerated type mixed with another type
..\..\User\Aider_Data_Protocol\AiderProtocol.c(383): warning:  #188-D: enumerated type mixed with another type
..\..\User\Aider_Data_Protocol\AiderProtocol.c(394): warning:  #188-D: enumerated type mixed with another type
..\..\User\Aider_Data_Protocol\AiderProtocol.c(507): warning:  #188-D: enumerated type mixed with another type
..\..\User\Aider_Data_Protocol\AiderProtocol.c(606): warning:  #188-D: enumerated type mixed with another type
..\..\User\Aider_Data_Protocol\AiderProtocol.c(611): warning:  #188-D: enumerated type mixed with another type
..\..\User\Aider_Data_Protocol\AiderProtocol.c(626): warning:  #61-D: integer operation result is out of range
..\..\User\Aider_Data_Protocol\AiderProtocol.c(746): warning:  #188-D: enumerated type mixed with another type
..\..\User\Aider_Data_Protocol\AiderProtocol.c(751): warning:  #188-D: enumerated type mixed with another type
..\..\User\Aider_Data_Protocol\AiderProtocol.c(766): warning:  #61-D: integer operation result is out of range
..\..\User\Aider_Data_Protocol\AiderProtocol.c(961): warning:  #188-D: enumerated type mixed with another type
..\..\User\Aider_Data_Protocol\AiderProtocol.c(862): warning:  #177-D: variable "k" was declared but never referenced
..\..\User\Aider_Data_Protocol\AiderProtocol.c(1062): warning:  #188-D: enumerated type mixed with another type
..\..\User\Aider_Data_Protocol\AiderProtocol.c(1083): warning:  #188-D: enumerated type mixed with another type
..\..\User\Aider_Data_Protocol\AiderProtocol.c(1097): warning:  #188-D: enumerated type mixed with another type
..\..\User\Aider_Data_Protocol\AiderProtocol.c(1111): warning:  #188-D: enumerated type mixed with another type
..\..\User\Aider_Data_Protocol\AiderProtocol.c(1126): warning:  #61-D: integer operation result is out of range
..\..\User\Aider_Data_Protocol\AiderProtocol.c(1126): warning:  #188-D: enumerated type mixed with another type
..\..\User\Aider_Data_Protocol\AiderProtocol.c(1141): warning:  #188-D: enumerated type mixed with another type
..\..\User\Aider_Data_Protocol\AiderProtocol.c(1218): warning:  #188-D: enumerated type mixed with another type
..\..\User\Aider_Data_Protocol\AiderProtocol.c(1244): warning:  #188-D: enumerated type mixed with another type
..\..\User\Aider_Data_Protocol\AiderProtocol.c(1276): warning:  #188-D: enumerated type mixed with another type
..\..\User\Aider_Data_Protocol\AiderProtocol.c(1302): warning:  #188-D: enumerated type mixed with another type
..\..\User\Aider_Data_Protocol\AiderProtocol.c(1321): warning:  #188-D: enumerated type mixed with another type
..\..\User\Aider_Data_Protocol\AiderProtocol.c(1022): warning:  #177-D: variable "j" was declared but never referenced
..\..\User\Aider_Data_Protocol\AiderProtocol.c(1025): warning:  #550-D: variable "ParaRequest" was set but never used
..\..\User\Aider_Data_Protocol\AiderProtocol.c(1028): warning:  #177-D: variable "SendTagList" was declared but never referenced
..\..\User\Aider_Data_Protocol\AiderProtocol.c(1029): warning:  #177-D: variable "SendTagNum" was declared but never referenced
linking...
Program Size: Code=27844 RO-data=596 RW-data=164 ZI-data=5196  
FromELF: creating hex file...
"..\..\Output\Template.axf" - 0 Errors, 32 Warning(s).
Load "..\\..\\Output\\Template.axf" 
Set JLink Project File to "C:\Users\lenovo\Desktop\ÖÇÄÜÈ¼ÆøÖÕ¶Ë433°æ±¾\Project\RVMDK£¨uv4£©\JLinkSettings.ini"
* JLink Info: Device "STM32F103RC" selected (256 KB flash, 48 KB RAM).
 
JLink info:
------------
DLL: V4.60a, compiled Jan 16 2013 17:15:30
Firmware: J-Link ARM V8 compiled Nov 14 2012 22:34:52
Hardware: V8.00
S/N : 304427362 
Feature(s) : RDI,FlashDL,FlashBP,JFlash,GDBFULL 
 
* JLink Info: Found SWD-DP with ID 0x1BA01477
* JLink Info: Found SWD-DP with ID 0x1BA01477
* JLink Info: TPIU fitted.
* JLink Info: ETM fitted.
* JLink Info: FPUnit: 6 code (BP) slots and 2 literal slots
* JLink Info: Found Cortex-M3 r1p1, Little endian.
ROMTableAddr = 0xE00FF003
 
Target info:
------------
Device: STM32F103RC
VTarget = 3.287V
State of Pins: 
TCK: 0, TDI: 0, TDO: 0, TMS: 1, TRES: 1, TRST: 1
Hardware-Breakpoints: 6
Software-Breakpoints: 8192
Watchpoints:          4
JTAG speed: 500 kHz
 
Full Chip Erase Done.
Programming Done.
Verify OK.
Application running ...
Build target 'USART1£¨interrupt£©'
compiling AiderProtocol.c...
..\..\User\Aider_Data_Protocol\AiderProtocol.c(212): warning:  #188-D: enumerated type mixed with another type
..\..\User\Aider_Data_Protocol\AiderProtocol.c(342): warning:  #188-D: enumerated type mixed with another type
..\..\User\Aider_Data_Protocol\AiderProtocol.c(346): warning:  #188-D: enumerated type mixed with another type
..\..\User\Aider_Data_Protocol\AiderProtocol.c(361): warning:  #188-D: enumerated type mixed with another type
..\..\User\Aider_Data_Protocol\AiderProtocol.c(362): warning:  #188-D: enumerated type mixed with another type
..\..\User\Aider_Data_Protocol\AiderProtocol.c(383): warning:  #188-D: enumerated type mixed with another type
..\..\User\Aider_Data_Protocol\AiderProtocol.c(394): warning:  #188-D: enumerated type mixed with another type
..\..\User\Aider_Data_Protocol\AiderProtocol.c(507): warning:  #188-D: enumerated type mixed with another type
..\..\User\Aider_Data_Protocol\AiderProtocol.c(606): warning:  #188-D: enumerated type mixed with another type
..\..\User\Aider_Data_Protocol\AiderProtocol.c(611): warning:  #188-D: enumerated type mixed with another type
..\..\User\Aider_Data_Protocol\AiderProtocol.c(626): warning:  #61-D: integer operation result is out of range
..\..\User\Aider_Data_Protocol\AiderProtocol.c(746): warning:  #188-D: enumerated type mixed with another type
..\..\User\Aider_Data_Protocol\AiderProtocol.c(751): warning:  #188-D: enumerated type mixed with another type
..\..\User\Aider_Data_Protocol\AiderProtocol.c(766): warning:  #61-D: integer operation result is out of range
..\..\User\Aider_Data_Protocol\AiderProtocol.c(961): warning:  #188-D: enumerated type mixed with another type
..\..\User\Aider_Data_Protocol\AiderProtocol.c(862): warning:  #177-D: variable "k" was declared but never referenced
..\..\User\Aider_Data_Protocol\AiderProtocol.c(1062): warning:  #188-D: enumerated type mixed with another type
..\..\User\Aider_Data_Protocol\AiderProtocol.c(1083): warning:  #188-D: enumerated type mixed with another type
..\..\User\Aider_Data_Protocol\AiderProtocol.c(1097): warning:  #188-D: enumerated type mixed with another type
..\..\User\Aider_Data_Protocol\AiderProtocol.c(1111): warning:  #188-D: enumerated type mixed with another type
..\..\User\Aider_Data_Protocol\AiderProtocol.c(1126): warning:  #61-D: integer operation result is out of range
..\..\User\Aider_Data_Protocol\AiderProtocol.c(1126): warning:  #188-D: enumerated type mixed with another type
..\..\User\Aider_Data_Protocol\AiderProtocol.c(1141): warning:  #188-D: enumerated type mixed with another type
..\..\User\Aider_Data_Protocol\AiderProtocol.c(1218): warning:  #188-D: enumerated type mixed with another type
..\..\User\Aider_Data_Protocol\AiderProtocol.c(1244): warning:  #188-D: enumerated type mixed with another type
..\..\User\Aider_Data_Protocol\AiderProtocol.c(1276): warning:  #188-D: enumerated type mixed with another type
..\..\User\Aider_Data_Protocol\AiderProtocol.c(1302): warning:  #188-D: enumerated type mixed with another type
..\..\User\Aider_Data_Protocol\AiderProtocol.c(1321): warning:  #188-D: enumerated type mixed with another type
..\..\User\Aider_Data_Protocol\AiderProtocol.c(1022): warning:  #177-D: variable "j" was declared but never referenced
..\..\User\Aider_Data_Protocol\AiderProtocol.c(1025): warning:  #550-D: variable "ParaRequest" was set but never used
..\..\User\Aider_Data_Protocol\AiderProtocol.c(1028): warning:  #177-D: variable "SendTagList" was declared but never referenced
..\..\User\Aider_Data_Protocol\AiderProtocol.c(1029): warning:  #177-D: variable "SendTagNum" was declared but never referenced
linking...
Program Size: Code=27848 RO-data=596 RW-data=164 ZI-data=5196  
FromELF: creating hex file...
"..\..\Output\Template.axf" - 0 Errors, 32 Warning(s).
Load "..\\..\\Output\\Template.axf" 
Set JLink Project File to "C:\Users\lenovo\Desktop\ÖÇÄÜÈ¼ÆøÖÕ¶Ë433°æ±¾\Project\RVMDK£¨uv4£©\JLinkSettings.ini"
* JLink Info: Device "STM32F103RC" selected (256 KB flash, 48 KB RAM).
 
JLink info:
------------
DLL: V4.60a, compiled Jan 16 2013 17:15:30
Firmware: J-Link ARM V8 compiled Nov 14 2012 22:34:52
Hardware: V8.00
S/N : 304427362 
Feature(s) : RDI,FlashDL,FlashBP,JFlash,GDBFULL 
 
* JLink Info: Found SWD-DP with ID 0x1BA01477
* JLink Info: Found SWD-DP with ID 0x1BA01477
* JLink Info: TPIU fitted.
* JLink Info: ETM fitted.
* JLink Info: FPUnit: 6 code (BP) slots and 2 literal slots
* JLink Info: Found Cortex-M3 r1p1, Little endian.
ROMTableAddr = 0xE00FF003
 
Target info:
------------
Device: STM32F103RC
VTarget = 3.287V
State of Pins: 
TCK: 0, TDI: 0, TDO: 0, TMS: 1, TRES: 1, TRST: 1
Hardware-Breakpoints: 6
Software-Breakpoints: 8192
Watchpoints:          4
JTAG speed: 500 kHz
 
Full Chip Erase Done.
Programming Done.
Verify OK.
Application running ...
Build target 'USART1£¨interrupt£©'
compiling AiderProtocol.c...
..\..\User\Aider_Data_Protocol\AiderProtocol.c(212): warning:  #188-D: enumerated type mixed with another type
..\..\User\Aider_Data_Protocol\AiderProtocol.c(342): warning:  #188-D: enumerated type mixed with another type
..\..\User\Aider_Data_Protocol\AiderProtocol.c(346): warning:  #188-D: enumerated type mixed with another type
..\..\User\Aider_Data_Protocol\AiderProtocol.c(361): warning:  #188-D: enumerated type mixed with another type
..\..\User\Aider_Data_Protocol\AiderProtocol.c(362): warning:  #188-D: enumerated type mixed with another type
..\..\User\Aider_Data_Protocol\AiderProtocol.c(383): warning:  #188-D: enumerated type mixed with another type
..\..\User\Aider_Data_Protocol\AiderProtocol.c(394): warning:  #188-D: enumerated type mixed with another type
..\..\User\Aider_Data_Protocol\AiderProtocol.c(507): warning:  #188-D: enumerated type mixed with another type
..\..\User\Aider_Data_Protocol\AiderProtocol.c(606): warning:  #188-D: enumerated type mixed with another type
..\..\User\Aider_Data_Protocol\AiderProtocol.c(611): warning:  #188-D: enumerated type mixed with another type
..\..\User\Aider_Data_Protocol\AiderProtocol.c(626): warning:  #61-D: integer operation result is out of range
..\..\User\Aider_Data_Protocol\AiderProtocol.c(746): warning:  #188-D: enumerated type mixed with another type
..\..\User\Aider_Data_Protocol\AiderProtocol.c(751): warning:  #188-D: enumerated type mixed with another type
..\..\User\Aider_Data_Protocol\AiderProtocol.c(766): warning:  #61-D: integer operation result is out of range
..\..\User\Aider_Data_Protocol\AiderProtocol.c(961): warning:  #188-D: enumerated type mixed with another type
..\..\User\Aider_Data_Protocol\AiderProtocol.c(862): warning:  #177-D: variable "k" was declared but never referenced
..\..\User\Aider_Data_Protocol\AiderProtocol.c(1062): warning:  #188-D: enumerated type mixed with another type
..\..\User\Aider_Data_Protocol\AiderProtocol.c(1083): warning:  #188-D: enumerated type mixed with another type
..\..\User\Aider_Data_Protocol\AiderProtocol.c(1097): warning:  #188-D: enumerated type mixed with another type
..\..\User\Aider_Data_Protocol\AiderProtocol.c(1111): warning:  #188-D: enumerated type mixed with another type
..\..\User\Aider_Data_Protocol\AiderProtocol.c(1126): warning:  #61-D: integer operation result is out of range
..\..\User\Aider_Data_Protocol\AiderProtocol.c(1126): warning:  #188-D: enumerated type mixed with another type
..\..\User\Aider_Data_Protocol\AiderProtocol.c(1141): warning:  #188-D: enumerated type mixed with another type
..\..\User\Aider_Data_Protocol\AiderProtocol.c(1218): warning:  #188-D: enumerated type mixed with another type
..\..\User\Aider_Data_Protocol\AiderProtocol.c(1244): warning:  #188-D: enumerated type mixed with another type
..\..\User\Aider_Data_Protocol\AiderProtocol.c(1276): warning:  #188-D: enumerated type mixed with another type
..\..\User\Aider_Data_Protocol\AiderProtocol.c(1302): warning:  #188-D: enumerated type mixed with another type
..\..\User\Aider_Data_Protocol\AiderProtocol.c(1321): warning:  #188-D: enumerated type mixed with another type
..\..\User\Aider_Data_Protocol\AiderProtocol.c(1022): warning:  #177-D: variable "j" was declared but never referenced
..\..\User\Aider_Data_Protocol\AiderProtocol.c(1025): warning:  #550-D: variable "ParaRequest" was set but never used
..\..\User\Aider_Data_Protocol\AiderProtocol.c(1028): warning:  #177-D: variable "SendTagList" was declared but never referenced
..\..\User\Aider_Data_Protocol\AiderProtocol.c(1029): warning:  #177-D: variable "SendTagNum" was declared but never referenced
linking...
Program Size: Code=27848 RO-data=596 RW-data=164 ZI-data=5196  
FromELF: creating hex file...
"..\..\Output\Template.axf" - 0 Errors, 32 Warning(s).
Build target 'USART1£¨interrupt£©'
linking...
Program Size: Code=27848 RO-data=596 RW-data=164 ZI-data=5196  
FromELF: creating hex file...
"..\..\Output\Template.axf" - 0 Errors, 0 Warning(s).
Load "..\\..\\Output\\Template.axf" 
Set JLink Project File to "C:\Users\lenovo\Desktop\ÖÇÄÜÈ¼ÆøÖÕ¶Ë433°æ±¾\Project\RVMDK£¨uv4£©\JLinkSettings.ini"
* JLink Info: Device "STM32F103RC" selected (256 KB flash, 48 KB RAM).
 
JLink info:
------------
DLL: V4.60a, compiled Jan 16 2013 17:15:30
Firmware: J-Link ARM V8 compiled Nov 14 2012 22:34:52
Hardware: V8.00
S/N : 304427362 
Feature(s) : RDI,FlashDL,FlashBP,JFlash,GDBFULL 
 
* JLink Info: Found SWD-DP with ID 0x1BA01477
* JLink Info: Found SWD-DP with ID 0x1BA01477
* JLink Info: TPIU fitted.
* JLink Info: ETM fitted.
* JLink Info: FPUnit: 6 code (BP) slots and 2 literal slots
* JLink Info: Found Cortex-M3 r1p1, Little endian.
ROMTableAddr = 0xE00FF003
 
Target info:
------------
Device: STM32F103RC
VTarget = 3.287V
State of Pins: 
TCK: 0, TDI: 0, TDO: 0, TMS: 1, TRES: 1, TRST: 1
Hardware-Breakpoints: 6
Software-Breakpoints: 8192
Watchpoints:          4
JTAG speed: 500 kHz
 
Full Chip Erase Done.
Programming Done.
Verify OK.
Application running ...
