ARM Linker, 5.03 [Build 76] [MDK-ARM Standard]

==============================================================================

Section Cross References

    startup_stm32f10x_hd.o(RESET) refers to startup_stm32f10x_hd.o(STACK) for __initial_sp
    startup_stm32f10x_hd.o(RESET) refers to startup_stm32f10x_hd.o(.text) for Reset_Handler
    startup_stm32f10x_hd.o(RESET) refers to stm32f10x_it.o(i.NMI_Handler) for NMI_Handler
    startup_stm32f10x_hd.o(RESET) refers to stm32f10x_it.o(i.HardFault_Handler) for HardFault_Handler
    startup_stm32f10x_hd.o(RESET) refers to stm32f10x_it.o(i.MemManage_Handler) for MemManage_Handler
    startup_stm32f10x_hd.o(RESET) refers to stm32f10x_it.o(i.BusFault_Handler) for BusFault_Handler
    startup_stm32f10x_hd.o(RESET) refers to stm32f10x_it.o(i.UsageFault_Handler) for UsageFault_Handler
    startup_stm32f10x_hd.o(RESET) refers to stm32f10x_it.o(i.SVC_Handler) for SVC_Handler
    startup_stm32f10x_hd.o(RESET) refers to stm32f10x_it.o(i.DebugMon_Handler) for DebugMon_Handler
    startup_stm32f10x_hd.o(RESET) refers to stm32f10x_it.o(i.PendSV_Handler) for PendSV_Handler
    startup_stm32f10x_hd.o(RESET) refers to stm32f10x_it.o(i.SysTick_Handler) for SysTick_Handler
    startup_stm32f10x_hd.o(RESET) refers to stm32f10x_it.o(i.WWDG_IRQHandler) for WWDG_IRQHandler
    startup_stm32f10x_hd.o(RESET) refers to stm32f10x_it.o(i.RTC_IRQHandler) for RTC_IRQHandler
    startup_stm32f10x_hd.o(RESET) refers to stm32f10x_it.o(i.TIM3_IRQHandler) for TIM3_IRQHandler
    startup_stm32f10x_hd.o(RESET) refers to stm32f10x_it.o(i.USART1_IRQHandler) for USART1_IRQHandler
    startup_stm32f10x_hd.o(RESET) refers to stm32f10x_it.o(i.USART2_IRQHandler) for USART2_IRQHandler
    startup_stm32f10x_hd.o(RESET) refers to stm32f10x_it.o(i.UART4_IRQHandler) for UART4_IRQHandler
    startup_stm32f10x_hd.o(.text) refers to system_stm32f10x.o(i.SystemInit) for SystemInit
    startup_stm32f10x_hd.o(.text) refers to entry.o(.ARM.Collect$$$$00000000) for __main
    system_stm32f10x.o(i.SetSysClock) refers to system_stm32f10x.o(i.SetSysClockTo72) for SetSysClockTo72
    system_stm32f10x.o(i.SystemCoreClockUpdate) refers to system_stm32f10x.o(.data) for SystemCoreClock
    system_stm32f10x.o(i.SystemInit) refers to system_stm32f10x.o(i.SetSysClock) for SetSysClock
    stm32f10x_adc.o(i.ADC_DeInit) refers to stm32f10x_rcc.o(i.RCC_APB2PeriphResetCmd) for RCC_APB2PeriphResetCmd
    stm32f10x_bkp.o(i.BKP_DeInit) refers to stm32f10x_rcc.o(i.RCC_BackupResetCmd) for RCC_BackupResetCmd
    stm32f10x_can.o(i.CAN_DeInit) refers to stm32f10x_rcc.o(i.RCC_APB1PeriphResetCmd) for RCC_APB1PeriphResetCmd
    stm32f10x_can.o(i.CAN_GetITStatus) refers to stm32f10x_can.o(i.CheckITStatus) for CheckITStatus
    stm32f10x_cec.o(i.CEC_DeInit) refers to stm32f10x_rcc.o(i.RCC_APB1PeriphResetCmd) for RCC_APB1PeriphResetCmd
    stm32f10x_dac.o(i.DAC_DeInit) refers to stm32f10x_rcc.o(i.RCC_APB1PeriphResetCmd) for RCC_APB1PeriphResetCmd
    stm32f10x_flash.o(i.FLASH_EnableWriteProtection) refers to stm32f10x_flash.o(i.FLASH_WaitForLastOperation) for FLASH_WaitForLastOperation
    stm32f10x_flash.o(i.FLASH_EraseAllBank1Pages) refers to stm32f10x_flash.o(i.FLASH_WaitForLastBank1Operation) for FLASH_WaitForLastBank1Operation
    stm32f10x_flash.o(i.FLASH_EraseAllPages) refers to stm32f10x_flash.o(i.FLASH_WaitForLastOperation) for FLASH_WaitForLastOperation
    stm32f10x_flash.o(i.FLASH_EraseOptionBytes) refers to stm32f10x_flash.o(i.FLASH_GetReadOutProtectionStatus) for FLASH_GetReadOutProtectionStatus
    stm32f10x_flash.o(i.FLASH_EraseOptionBytes) refers to stm32f10x_flash.o(i.FLASH_WaitForLastOperation) for FLASH_WaitForLastOperation
    stm32f10x_flash.o(i.FLASH_ErasePage) refers to stm32f10x_flash.o(i.FLASH_WaitForLastOperation) for FLASH_WaitForLastOperation
    stm32f10x_flash.o(i.FLASH_ProgramHalfWord) refers to stm32f10x_flash.o(i.FLASH_WaitForLastOperation) for FLASH_WaitForLastOperation
    stm32f10x_flash.o(i.FLASH_ProgramOptionByteData) refers to stm32f10x_flash.o(i.FLASH_WaitForLastOperation) for FLASH_WaitForLastOperation
    stm32f10x_flash.o(i.FLASH_ProgramWord) refers to stm32f10x_flash.o(i.FLASH_WaitForLastOperation) for FLASH_WaitForLastOperation
    stm32f10x_flash.o(i.FLASH_ReadOutProtection) refers to stm32f10x_flash.o(i.FLASH_WaitForLastOperation) for FLASH_WaitForLastOperation
    stm32f10x_flash.o(i.FLASH_UserOptionByteConfig) refers to stm32f10x_flash.o(i.FLASH_WaitForLastOperation) for FLASH_WaitForLastOperation
    stm32f10x_flash.o(i.FLASH_WaitForLastBank1Operation) refers to stm32f10x_flash.o(i.FLASH_GetBank1Status) for FLASH_GetBank1Status
    stm32f10x_flash.o(i.FLASH_WaitForLastOperation) refers to stm32f10x_flash.o(i.FLASH_GetBank1Status) for FLASH_GetBank1Status
    stm32f10x_gpio.o(i.GPIO_AFIODeInit) refers to stm32f10x_rcc.o(i.RCC_APB2PeriphResetCmd) for RCC_APB2PeriphResetCmd
    stm32f10x_gpio.o(i.GPIO_DeInit) refers to stm32f10x_rcc.o(i.RCC_APB2PeriphResetCmd) for RCC_APB2PeriphResetCmd
[...]
    i.NVIC_Init                              0x08002458   Section        0  misc.o(i.NVIC_Init)
    i.NVIC_PriorityGroupConfig               0x080024cc   Section        0  misc.o(i.NVIC_PriorityGroupConfig)
    i.PWR_BackupAccessCmd                    0x080024e0   Section        0  stm32f10x_pwr.o(i.PWR_BackupAccessCmd)
    i.PWR_EnterSTANDBYMode                   0x080024ec   Section        0  stm32f10x_pwr.o(i.PWR_EnterSTANDBYMode)
    i.PWR_WakeUpPinCmd                       0x08002520   Section        0  stm32f10x_pwr.o(i.PWR_WakeUpPinCmd)
    i.ParameterConfig_SX1278                 0x0800252c   Section        0  gprs.o(i.ParameterConfig_SX1278)
    i.ParameterInquire_SX1278                0x080027e8   Section        0  gprs.o(i.ParameterInquire_SX1278)
    i.PendSV_Handler                         0x080027ec   Section        0  stm32f10x_it.o(i.PendSV_Handler)
    i.PeripheralInit                         0x08002824   Section        0  main.o(i.PeripheralInit)
    i.Power_SX1278_Init                      0x0800290c   Section        0  433_wiminet.o(i.Power_SX1278_Init)
    i.RCC_ADCCLKConfig                       0x08002960   Section        0  stm32f10x_rcc.o(i.RCC_ADCCLKConfig)
    i.RCC_AHBPeriphClockCmd                  0x08002978   Section        0  stm32f10x_rcc.o(i.RCC_AHBPeriphClockCmd)
    i.RCC_APB1PeriphClockCmd                 0x08002998   Section        0  stm32f10x_rcc.o(i.RCC_APB1PeriphClockCmd)
    i.RCC_APB1PeriphResetCmd                 0x080029b8   Section        0  stm32f10x_rcc.o(i.RCC_APB1PeriphResetCmd)
    i.RCC_APB2PeriphClockCmd                 0x080029d8   Section        0  stm32f10x_rcc.o(i.RCC_APB2PeriphClockCmd)
    i.RCC_APB2PeriphResetCmd                 0x080029f8   Section        0  stm32f10x_rcc.o(i.RCC_APB2PeriphResetCmd)
    i.RCC_BackupResetCmd                     0x08002a18   Section        0  stm32f10x_rcc.o(i.RCC_BackupResetCmd)
    i.RCC_ClearFlag                          0x08002a24   Section        0  stm32f10x_rcc.o(i.RCC_ClearFlag)
    i.RCC_GetClocksFreq                      0x08002a38   Section        0  stm32f10x_rcc.o(i.RCC_GetClocksFreq)
    i.RCC_GetFlagStatus                      0x08002b0c   Section        0  stm32f10x_rcc.o(i.RCC_GetFlagStatus)
    i.RCC_LSEConfig                          0x08002b48   Section        0  stm32f10x_rcc.o(i.RCC_LSEConfig)
    i.RCC_RTCCLKCmd                          0x08002b7c   Section        0  stm32f10x_rcc.o(i.RCC_RTCCLKCmd)
    i.RCC_RTCCLKConfig                       0x08002b88   Section        0  stm32f10x_rcc.o(i.RCC_RTCCLKConfig)
    i.RTC_CheckAndConfig                     0x08002b98   Section        0  bsp_rtc.o(i.RTC_CheckAndConfig)
    i.RTC_ClearITPendingBit                  0x08002be0   Section        0  stm32f10x_rtc.o(i.RTC_ClearITPendingBit)
    i.RTC_Configuration                      0x08002bf0   Section        0  bsp_rtc.o(i.RTC_Configuration)
    i.RTC_EnterConfigMode                    0x08002c3c   Section        0  stm32f10x_rtc.o(i.RTC_EnterConfigMode)
    i.RTC_ExitConfigMode                     0x08002c50   Section        0  stm32f10x_rtc.o(i.RTC_ExitConfigMode)
    i.RTC_GetCounter                         0x08002c64   Section        0  stm32f10x_rtc.o(i.RTC_GetCounter)
    i.RTC_GetITStatus                        0x08002c78   Section        0  stm32f10x_rtc.o(i.RTC_GetITStatus)
    i.RTC_IRQHandler                         0x08002c9c   Section        0  stm32f10x_it.o(i.RTC_IRQHandler)
    i.RTC_NVIC_Config                        0x08002cb2   Section        0  bsp_rtc.o(i.RTC_NVIC_Config)
    i.RTC_SetAlarm                           0x08002cdc   Section        0  stm32f10x_rtc.o(i.RTC_SetAlarm)
    i.RTC_SetCounter                         0x08002cf8   Section        0  stm32f10x_rtc.o(i.RTC_SetCounter)
    i.RTC_SetPrescaler                       0x08002d14   Section        0  stm32f10x_rtc.o(i.RTC_SetPrescaler)
    i.RTC_WaitForLastTask                    0x08002d34   Section        0  stm32f10x_rtc.o(i.RTC_WaitForLastTask)
    i.RTC_WaitForSynchro                     0x08002d48   Section        0  stm32f10x_rtc.o(i.RTC_WaitForSynchro)
    i.ReadSensorData                         0x08002d68   Section        0  sensor-adc.o(i.ReadSensorData)
    i.Receive_Data_Analysis                  0x08002e30   Section        0  gprs.o(i.Receive_Data_Analysis)
    i.ReverseBitOrder08                      0x08002ef8   Section        0  433_wiminet.o(i.ReverseBitOrder08)
    i.ReverseBitOrder16                      0x08002f18   Section        0  433_wiminet.o(i.ReverseBitOrder16)
    i.SPI_Cmd                                0x08002f3c   Section        0  stm32f10x_spi.o(i.SPI_Cmd)
    i.SPI_FLASH_BufferRead                   0x08002f54   Section        0  flash.o(i.SPI_FLASH_BufferRead)
    i.SPI_FLASH_BufferWrite                  0x08002fa8   Section        0  flash.o(i.SPI_FLASH_BufferWrite)
    i.SPI_FLASH_Init                         0x080030cc   Section        0  flash.o(i.SPI_FLASH_Init)
    i.SPI_FLASH_PageWrite                    0x08003190   Section        0  flash.o(i.SPI_FLASH_PageWrite)
    i.SPI_FLASH_ReadDeviceID                 0x080031f4   Section        0  flash.o(i.SPI_FLASH_ReadDeviceID)
    i.SPI_FLASH_ReadID                       0x08003234   Section        0  flash.o(i.SPI_FLASH_ReadID)
    i.SPI_FLASH_SectorErase                  0x08003288   Section        0  flash.o(i.SPI_FLASH_SectorErase)
    i.SPI_FLASH_SendByte                     0x080032d0   Section        0  flash.o(i.SPI_FLASH_SendByte)
    i.SPI_FLASH_WaitForWriteEnd              0x08003308   Section        0  flash.o(i.SPI_FLASH_WaitForWriteEnd)
    i.SPI_FLASH_WriteEnable                  0x0800333c   Section        0  flash.o(i.SPI_FLASH_WriteEnable)
    i.SPI_Flash_PowerDown                    0x08003360   Section        0  flash.o(i.SPI_Flash_PowerDown)
    i.SPI_I2S_GetFlagStatus                  0x08003384   Section        0  stm32f10x_spi.o(i.SPI_I2S_GetFlagStatus)
    i.SPI_I2S_ReceiveData                    0x08003396   Section        0  stm32f10x_spi.o(i.SPI_I2S_ReceiveData)
    i.SPI_I2S_SendData                       0x0800339c   Section        0  stm32f10x_spi.o(i.SPI_I2S_SendData)
    i.SPI_Init                               0x080033a0   Section        0  stm32f10x_spi.o(i.SPI_Init)
    i.SVC_Handler                            0x080033dc   Section        0  stm32f10x_it.o(i.SVC_Handler)
    i.SendDataToServ                         0x08003410   Section        0  aiderprotocol.o(i.SendDataToServ)
    i.SendMessage                            0x080037f4   Section        0  433_wiminet.o(i.SendMessage)
    i.SenserDataCollect                      0x08003888   Section        0  main.o(i.SenserDataCollect)
    i.SetNodeBreathPeriod                    0x08003b98   Section        0  433_wiminet.o(i.SetNodeBreathPeriod)
    i.SetNodeBreathTime                      0x08003c38   Section        0  433_wiminet.o(i.SetNodeBreathTime)
    i.SetNodeCentralFrequency                0x08003cd8   Section        0  433_wiminet.o(i.SetNodeCentralFrequency)
    i.SetNodeFrequencyExpandBandwidth        0x08003dd0   Section        0  433_wiminet.o(i.SetNodeFrequencyExpandBandwidth)
    i.SetNodeFrequencyExpandFactor           0x08003e70   Section        0  433_wiminet.o(i.SetNodeFrequencyExpandFactor)
    i.SetNodeID                              0x08003f10   Section        0  433_wiminet.o(i.SetNodeID)
    i.SetNodeNetworkID                       0x08003fb8   Section        0  433_wiminet.o(i.SetNodeNetworkID)
    i.SetNodeSendPowerGrade                  0x08004058   Section        0  433_wiminet.o(i.SetNodeSendPowerGrade)
    i.SetSysClock                            0x080040f8   Section        0  system_stm32f10x.o(i.SetSysClock)
    SetSysClock                              0x080040f9   Thumb Code     8  system_stm32f10x.o(i.SetSysClock)
    i.SetSysClockTo72                        0x08004100   Section        0  system_stm32f10x.o(i.SetSysClockTo72)
    SetSysClockTo72                          0x08004101   Thumb Code   212  system_stm32f10x.o(i.SetSysClockTo72)
    i.Set_DS2780                             0x080041dc   Section        0  test.o(i.Set_DS2780)
    i.Set_register_ds2780                    0x080041f0   Section        0  ds2780.o(i.Set_register_ds2780)
    i.SysTick_Handler                        0x0800438a   Section        0  stm32f10x_it.o(i.SysTick_Handler)
    i.SysTick_Init                           0x08004394   Section        0  bsp_systick.o(i.SysTick_Init)
    i.SystemInit                             0x08004410   Section        0  system_stm32f10x.o(i.SystemInit)
    i.TIM3_IRQHandler                        0x08004470   Section        0  stm32f10x_it.o(i.TIM3_IRQHandler)
    i.TIM_ClearITPendingBit                  0x080044c4   Section        0  stm32f10x_tim.o(i.TIM_ClearITPendingBit)
    i.TIM_Cmd                                0x080044ca   Section        0  stm32f10x_tim.o(i.TIM_Cmd)
    i.TIM_DeInit                             0x080044e4   Section        0  stm32f10x_tim.o(i.TIM_DeInit)
    i.TIM_GetITStatus                        0x080046cc   Section        0  stm32f10x_tim.o(i.TIM_GetITStatus)
    i.TIM_ITConfig                           0x080046ee   Section        0  stm32f10x_tim.o(i.TIM_ITConfig)
    i.Time_Auto_Regulate                     0x08004700   Section        0  bsp_rtc.o(i.Time_Auto_Regulate)
    i.Time_Display                           0x08004780   Section        0  bsp_rtc.o(i.Time_Display)
    i.TimingDelay_Decrement                  0x08004794   Section        0  bsp_systick.o(i.TimingDelay_Decrement)
    i.Treaty_Data_Analysis                   0x080047ac   Section        0  aiderprotocol.o(i.Treaty_Data_Analysis)
    i.UART4_IRQHandler                       0x0800523c   Section        0  stm32f10x_it.o(i.UART4_IRQHandler)
    i.UART_NVIC_Configuration                0x080052d8   Section        0  bsp_usart.o(i.UART_NVIC_Configuration)
    i.USART1_Config                          0x08005378   Section        0  bsp_usart.o(i.USART1_Config)
    i.USART1_IRQHandler                      0x08005454   Section        0  stm32f10x_it.o(i.USART1_IRQHandler)
    i.USART2_Config                          0x080054cc   Section        0  bsp_usart.o(i.USART2_Config)
    i.USART2_DMA_Config                      0x08005560   Section        0  bsp_usart.o(i.USART2_DMA_Config)
    i.USART2_IRQHandler                      0x080055c8   Section        0  stm32f10x_it.o(i.USART2_IRQHandler)
    i.USART4_Config                          0x08005620   Section        0  bsp_usart.o(i.USART4_Config)
    i.USART_ClearFlag                        0x080056cc   Section        0  stm32f10x_usart.o(i.USART_ClearFlag)
    i.USART_ClearITPendingBit                0x080056de   Section        0  stm32f10x_usart.o(i.USART_ClearITPendingBit)
    i.USART_Cmd                              0x080056fc   Section        0  stm32f10x_usart.o(i.USART_Cmd)
    i.USART_DMACmd                           0x08005714   Section        0  stm32f10x_usart.o(i.USART_DMACmd)
    i.USART_DataBlock_Send                   0x08005726   Section        0  gprs.o(i.USART_DataBlock_Send)
    i.USART_GetFlagStatus                    0x08005756   Section        0  stm32f10x_usart.o(i.USART_GetFlagStatus)
    i.USART_GetITStatus                      0x08005770   Section        0  stm32f10x_usart.o(i.USART_GetITStatus)
    i.USART_ITConfig                         0x080057c4   Section        0  stm32f10x_usart.o(i.USART_ITConfig)
    i.USART_Init                             0x08005810   Section        0  stm32f10x_usart.o(i.USART_Init)
    i.USART_ReceiveData                      0x080058e8   Section        0  stm32f10x_usart.o(i.USART_ReceiveData)
    i.USART_SendData                         0x080058f2   Section        0  stm32f10x_usart.o(i.USART_SendData)
    i.UploadFlash                            0x080058fc   Section        0  aiderprotocol.o(i.UploadFlash)
    i.UsageFault_Handler                     0x08005c8c   Section        0  stm32f10x_it.o(i.UsageFault_Handler)
    i.WWDG_ClearFlag                         0x08005cc4   Section        0  stm32f10x_wwdg.o(i.WWDG_ClearFlag)
    i.WWDG_Enable                            0x08005cd0   Section        0  stm32f10x_wwdg.o(i.WWDG_Enable)
    i.WWDG_EnableIT                          0x08005ce0   Section        0  stm32f10x_wwdg.o(i.WWDG_EnableIT)
    i.WWDG_IRQHandler                        0x08005cec   Section        0  stm32f10x_it.o(i.WWDG_IRQHandler)
    i.WWDG_Init                              0x08005d18   Section        0  watchdog.o(i.WWDG_Init)
    i.WWDG_SetCounter                        0x08005d78   Section        0  stm32f10x_wwdg.o(i.WWDG_SetCounter)
    i.WWDG_SetPrescaler                      0x08005d88   Section        0  stm32f10x_wwdg.o(i.WWDG_SetPrescaler)
    i.WWDG_SetWindowValue                    0x08005da0   Section        0  stm32f10x_wwdg.o(i.WWDG_SetWindowValue)
    i.__0printf                              0x08005dc8   Section        0  printfa.o(i.__0printf)
    i.__scatterload_copy                     0x08005de8   Section       14  handlers.o(i.__scatterload_copy)
    i.__scatterload_null                     0x08005df6   Section        2  handlers.o(i.__scatterload_null)
    i.__scatterload_zeroinit                 0x08005df8   Section       14  handlers.o(i.__scatterload_zeroinit)
    i._fp_digits                             0x08005e08   Section        0  printfa.o(i._fp_digits)
    _fp_digits                               0x08005e09   Thumb Code   326  printfa.o(i._fp_digits)
    i._printf_core                           0x08005f64   Section        0  printfa.o(i._printf_core)
    _printf_core                             0x08005f65   Thumb Code  1762  printfa.o(i._printf_core)
    i._printf_post_padding                   0x08006654   Section        0  printfa.o(i._printf_post_padding)
    _printf_post_padding                     0x08006655   Thumb Code    38  printfa.o(i._printf_post_padding)
    i._printf_pre_padding                    0x0800667a   Section        0  printfa.o(i._printf_pre_padding)
    _printf_pre_padding                      0x0800667b   Thumb Code    48  printfa.o(i._printf_pre_padding)
    i.copy_data_ds2780                       0x080066aa   Section        0  ds2780.o(i.copy_data_ds2780)
    i.fputc                                  0x080066c0   Section        0  bsp_usart.o(i.fputc)
    i.get_ACR                                0x080066e4   Section        0  ds2780.o(i.get_ACR)
    i.get_RAAC                               0x08006768   Section        0  ds2780.o(i.get_RAAC)
    i.get_current                            0x080067b8   Section        0  ds2780.o(i.get_current)
    i.get_voltage                            0x08006844   Section        0  ds2780.o(i.get_voltage)
    i.gotoSleep                              0x0800689c   Section        0  common.o(i.gotoSleep)
    i.main                                   0x0800695c   Section        0  main.o(i.main)
    i.mktimev                                0x08006a78   Section        0  bsp_date.o(i.mktimev)
    i.mput_mix                               0x08006af8   Section        0  gprs.o(i.mput_mix)
    i.ntohl                                  0x08006b40   Section        0  api-platform.o(i.ntohl)
    i.ntohs                                  0x08006b5a   Section        0  api-platform.o(i.ntohs)
    i.read_bit                               0x08006b68   Section        0  ds2780.o(i.read_bit)
    i.read_byte                              0x08006ba0   Section        0  ds2780.o(i.read_byte)
    i.read_byte_data                         0x08006bc2   Section        0  ds2780.o(i.read_byte_data)
    i.reset                                  0x08006bdc   Section        0  ds2780.o(i.reset)
    i.set_ACR                                0x08006c20   Section        0  ds2780.o(i.set_ACR)
    i.to_tm                                  0x08006c84   Section        0  bsp_date.o(i.to_tm)
    i.write_byte                             0x08006d50   Section        0  ds2780.o(i.write_byte)
    i.write_data                             0x08006dac   Section        0  ds2780.o(i.write_data)
    i.write_ds2780_cmd                       0x08006dca   Section        0  ds2780.o(i.write_ds2780_cmd)
    .constdata                               0x08006df8   Section       72  main.o(.constdata)
    .constdata                               0x08006e40   Section       52  bsp_date.o(.constdata)
    .constdata                               0x08006e74   Section      133  sensor-adc.o(.constdata)
    .data                                    0x20000000   Section       20  system_stm32f10x.o(.data)
    .data                                    0x20000014   Section       20  stm32f10x_rcc.o(.data)
    APBAHBPrescTable                         0x20000014   Data          16  stm32f10x_rcc.o(.data)
    ADCPrescTable                            0x20000024   Data           4  stm32f10x_rcc.o(.data)
    .data                                    0x20000028   Section       28  main.o(.data)
    .data                                    0x20000044   Section        4  bsp_systick.o(.data)
    TimingDelay                              0x20000044   Data           4  bsp_systick.o(.data)
    .data                                    0x20000048   Section        2  gprs.o(.data)
    .data                                    0x2000004c   Section       48  bsp_date.o(.data)
    month_days                               0x2000004c   Data          48  bsp_date.o(.data)
    .data                                    0x2000007c   Section        1  watchdog.o(.data)
    .data                                    0x2000007d   Section        1  aiderprotocol.o(.data)
    .data                                    0x20000080   Section        9  flash.o(.data)
    .data                                    0x20000089   Section        1  ds2780.o(.data)
    RegB                                     0x20000089   Data           1  ds2780.o(.data)
    .data                                    0x2000008c   Section       13  modbus.o(.data)
    .data                                    0x2000009a   Section        2  sensor-adc.o(.data)
    .data                                    0x2000009c   Section        4  rand.o(.data)
    _rand_state                              0x2000009c   Data           4  rand.o(.data)
    .data                                    0x200000a0   Section        4  stdout.o(.data)
    .bss                                     0x200000a4   Section     1869  main.o(.bss)
    .bss                                     0x200007f4   Section     1016  bsp_usart.o(.bss)
    .bss                                     0x20000bec   Section     1079  gprs.o(.bss)
    .bss                                     0x20001023   Section      200  modbus.o(.bss)
    STACK                                    0x200010f0   Section     1024  startup_stm32f10x_hd.o(STACK)

    Global Symbols

    Symbol Name                              Value     Ov Type        Size  Object(Section)

    BuildAttributes$$THM_ISAv4$P$D$K$B$S$PE$A:L22UL41UL21$X:L11$S22US41US21$IEEE1$IW$USESV6$~STKCKD$USESV7$~SHL$OTIME$ROPI$IEEEX$EBA8$MICROLIB$REQ8$PRES8$EABIv2 0x00000000   Number         0  anon$$obj.o ABSOLUTE
    __ARM_use_no_argv                        0x00000000   Number         0  main.o ABSOLUTE
    _printf_a                                0x00000000   Number         0  stubs.o ABSOLUTE
    _printf_c                                0x00000000   Number         0  stubs.o ABSOLUTE
    _printf_charcount                        0x00000000   Number         0  stubs.o ABSOLUTE
    _printf_d                                0x00000000   Number         0  stubs.o ABSOLUTE
    _printf_e                                0x00000000   Number         0  stubs.o ABSOLUTE
    _printf_f                                0x00000000   Number         0  stubs.o ABSOLUTE
    _printf_flags                            0x00000000   Number         0  stubs.o ABSOLUTE
    _printf_fp_dec                           0x00000000   Number         0  stubs.o ABSOLUTE
    _printf_fp_hex                           0x00000000   Number         0  stubs.o ABSOLUTE
    _printf_g                                0x00000000   Number         0  stubs.o ABSOLUTE
    _printf_i                                0x00000000   Number         0  stubs.o ABSOLUTE
    _printf_int_dec                          0x00000000   Number         0  stubs.o ABSOLUTE
    _printf_l                                0x00000000   Number         0  stubs.o ABSOLUTE
    _printf_lc                               0x00000000   Number         0  stubs.o ABSOLUTE
    _printf_ll                               0x00000000   Number         0  stubs.o ABSOLUTE
    _printf_lld                              0x00000000   Number         0  stubs.o ABSOLUTE
    _printf_lli                              0x00000000   Number         0  stubs.o ABSOLUTE
    _printf_llo                              0x00000000   Number         0  stubs.o ABSOLUTE
    _printf_llu                              0x00000000   Number         0  stubs.o ABSOLUTE
    _printf_llx                              0x00000000   Number         0  stubs.o ABSOLUTE
    _printf_longlong_dec                     0x00000000   Number         0  stubs.o ABSOLUTE
    _printf_longlong_hex                     0x00000000   Number         0  stubs.o ABSOLUTE
    _printf_longlong_oct                     0x00000000   Number         0  stubs.o ABSOLUTE
    _printf_ls                               0x00000000   Number         0  stubs.o ABSOLUTE
    _printf_mbtowc                           0x00000000   Number         0  stubs.o ABSOLUTE
    _printf_n                                0x00000000   Number         0  stubs.o ABSOLUTE
    _printf_o                                0x00000000   Number         0  stubs.o ABSOLUTE
    _printf_p                                0x00000000   Number         0  stubs.o ABSOLUTE
    _printf_percent                          0x00000000   Number         0  stubs.o ABSOLUTE
    _printf_pre_padding                      0x00000000   Number         0  stubs.o ABSOLUTE
    _printf_return_value                     0x00000000   Number         0  stubs.o ABSOLUTE
    _printf_s                                0x00000000   Number         0  stubs.o ABSOLUTE
    _printf_sizespec                         0x00000000   Number         0  stubs.o ABSOLUTE
    _printf_str                              0x00000000   Number         0  stubs.o ABSOLUTE
    _printf_truncate_signed                  0x00000000   Number         0  stubs.o ABSOLUTE
    _printf_truncate_unsigned                0x00000000   Number         0  stubs.o ABSOLUTE
    _printf_u                                0x00000000   Number         0  stubs.o ABSOLUTE
    _printf_wc                               0x00000000   Number         0  stubs.o ABSOLUTE
    _printf_wctomb                           0x00000000   Number         0  stubs.o ABSOLUTE
    _printf_widthprec                        0x00000000   Number         0  stubs.o ABSOLUTE
    _printf_x                                0x00000000   Number         0  stubs.o ABSOLUTE
    __cpp_initialize__aeabi_                  - Undefined Weak Reference
    __cxa_finalize                            - Undefined Weak Reference
    __decompress                              - Undefined Weak Reference
    _clock_init                               - Undefined Weak Reference
    _microlib_exit                            - Undefined Weak Reference
    __Vectors_Size                           0x00000130   Number         0  startup_stm32f10x_hd.o ABSOLUTE
    __Vectors                                0x08000000   Data           4  startup_stm32f10x_hd.o(RESET)
    __Vectors_End                            0x08000130   Data           0  startup_stm32f10x_hd.o(RESET)
    __main                                   0x08000131   Thumb Code     0  entry.o(.ARM.Collect$$$$00000000)
    _main_stk                                0x08000131   Thumb Code     0  entry2.o(.ARM.Collect$$$$00000001)
    _main_scatterload                        0x08000135   Thumb Code     0  entry5.o(.ARM.Collect$$$$00000004)
    __main_after_scatterload                 0x08000139   Thumb Code     0  entry5.o(.ARM.Collect$$$$00000004)
    _main_clock                              0x08000139   Thumb Code     0  entry7b.o(.ARM.Collect$$$$00000008)
    _main_cpp_init                           0x08000139   Thumb Code     0  entry8b.o(.ARM.Collect$$$$0000000A)
    _main_init                               0x08000139   Thumb Code     0  entry9a.o(.ARM.Collect$$$$0000000B)
    __rt_final_cpp                           0x08000141   Thumb Code     0  entry10a.o(.ARM.Collect$$$$0000000D)
    __rt_final_exit                          0x08000141   Thumb Code     0  entry11a.o(.ARM.Collect$$$$0000000F)
    Reset_Handler                            0x08000145   Thumb Code     8  startup_stm32f10x_hd.o(.text)
    ADC1_2_IRQHandler                        0x0800015f   Thumb Code     0  startup_stm32f10x_hd.o(.text)
    ADC3_IRQHandler                          0x0800015f   Thumb Code     0  startup_stm32f10x_hd.o(.text)
    CAN1_RX1_IRQHandler                      0x0800015f   Thumb Code     0  startup_stm32f10x_hd.o(.text)
    CAN1_SCE_IRQHandler                      0x0800015f   Thumb Code     0  startup_stm32f10x_hd.o(.text)
    DMA1_Channel1_IRQHandler                 0x0800015f   Thumb Code     0  startup_stm32f10x_hd.o(.text)
    DMA1_Channel2_IRQHandler                 0x0800015f   Thumb Code     0  startup_stm32f10x_hd.o(.text)
    DMA1_Channel3_IRQHandler                 0x0800015f   Thumb Code     0  startup_stm32f10x_hd.o(.text)
    DMA1_Channel4_IRQHandler                 0x0800015f   Thumb Code     0  startup_stm32f10x_hd.o(.text)
    DMA1_Channel5_IRQHandler                 0x0800015f   Thumb Code     0  startup_stm32f10x_hd.o(.text)
    DMA1_Channel6_IRQHandler                 0x0800015f   Thumb Code     0  startup_stm32f10x_hd.o(.text)
    DMA1_Channel7_IRQHandler                 0x0800015f   Thumb Code     0  startup_stm32f10x_hd.o(.text)
    DMA2_Channel1_IRQHandler                 0x0800015f   Thumb Code     0  startup_stm32f10x_hd.o(.text)
    DMA2_Channel2_IRQHandler                 0x0800015f   Thumb Code     0  startup_stm32f10x_hd.o(.text)
    DMA2_Channel3_IRQHandler                 0x0800015f   Thumb Code     0  startup_stm32f10x_hd.o(.text)
    DMA2_Channel4_5_IRQHandler               0x0800015f   Thumb Code     0  startup_stm32f10x_hd.o(.text)
    EXTI0_IRQHandler                         0x0800015f   Thumb Code     0  startup_stm32f10x_hd.o(.text)
    EXTI15_10_IRQHandler                     0x0800015f   Thumb Code     0  startup_stm32f10x_hd.o(.text)
    EXTI1_IRQHandler                         0x0800015f   Thumb Code     0  startup_stm32f10x_hd.o(.text)
    EXTI2_IRQHandler                         0x0800015f   Thumb Code     0  startup_stm32f10x_hd.o(.text)
    EXTI3_IRQHandler                         0x0800015f   Thumb Code     0  startup_stm32f10x_hd.o(.text)
    EXTI4_IRQHandler                         0x0800015f   Thumb Code     0  startup_stm32f10x_hd.o(.text)
    EXTI9_5_IRQHandler                       0x0800015f   Thumb Code     0  startup_stm32f10x_hd.o(.text)
    FLASH_IRQHandler                         0x0800015f   Thumb Code     0  startup_stm32f10x_hd.o(.text)
    FSMC_IRQHandler                          0x0800015f   Thumb Code     0  startup_stm32f10x_hd.o(.text)
    I2C1_ER_IRQHandler                       0x0800015f   Thumb Code     0  startup_stm32f10x_hd.o(.text)
    I2C1_EV_IRQHandler                       0x0800015f   Thumb Code     0  startup_stm32f10x_hd.o(.text)
    I2C2_ER_IRQHandler                       0x0800015f   Thumb Code     0  startup_stm32f10x_hd.o(.text)
    I2C2_EV_IRQHandler                       0x0800015f   Thumb Code     0  startup_stm32f10x_hd.o(.text)
    PVD_IRQHandler                           0x0800015f   Thumb Code     0  startup_stm32f10x_hd.o(.text)
    RCC_IRQHandler                           0x0800015f   Thumb Code     0  startup_stm32f10x_hd.o(.text)
    RTCAlarm_IRQHandler                      0x0800015f   Thumb Code     0  startup_stm32f10x_hd.o(.text)
    SDIO_IRQHandler                          0x0800015f   Thumb Code     0  startup_stm32f10x_hd.o(.text)
    SPI1_IRQHandler                          0x0800015f   Thumb Code     0  startup_stm32f10x_hd.o(.text)
    SPI2_IRQHandler                          0x0800015f   Thumb Code     0  startup_stm32f10x_hd.o(.text)
    SPI3_IRQHandler                          0x0800015f   Thumb Code     0  startup_stm32f10x_hd.o(.text)
    TAMPER_IRQHandler                        0x0800015f   Thumb Code     0  startup_stm32f10x_hd.o(.text)
    TIM1_BRK_IRQHandler                      0x0800015f   Thumb Code     0  startup_stm32f10x_hd.o(.text)
    TIM1_CC_IRQHandler                       0x0800015f   Thumb Code     0  startup_stm32f10x_hd.o(.text)
    TIM1_TRG_COM_IRQHandler                  0x0800015f   Thumb Code     0  startup_stm32f10x_hd.o(.text)
    TIM1_UP_IRQHandler                       0x0800015f   Thumb Code     0  startup_stm32f10x_hd.o(.text)
    TIM2_IRQHandler                          0x0800015f   Thumb Code     0  startup_stm32f10x_hd.o(.text)
    TIM4_IRQHandler                          0x0800015f   Thumb Code     0  startup_stm32f10x_hd.o(.text)
    TIM5_IRQHandler                          0x0800015f   Thumb Code     0  startup_stm32f10x_hd.o(.text)
    TIM6_IRQHandler                          0x0800015f   Thumb Code     0  startup_stm32f10x_hd.o(.text)
    TIM7_IRQHandler                          0x0800015f   Thumb Code     0  startup_stm32f10x_hd.o(.text)
    TIM8_BRK_IRQHandler                      0x0800015f   Thumb Code     0  startup_stm32f10x_hd.o(.text)
    TIM8_CC_IRQHandler                       0x0800015f   Thumb Code     0  startup_stm32f10x_hd.o(.text)
    TIM8_TRG_COM_IRQHandler                  0x0800015f   Thumb Code     0  startup_stm32f10x_hd.o(.text)
    TIM8_UP_IRQHandler                       0x0800015f   Thumb Code     0  startup_stm32f10x_hd.o(.text)
    UART5_IRQHandler                         0x0800015f   Thumb Code     0  startup_stm32f10x_hd.o(.text)
    USART3_IRQHandler                        0x0800015f   Thumb Code     0  startup_stm32f10x_hd.o(.text)
    USBWakeUp_IRQHandler                     0x0800015f   Thumb Code     0  startup_stm32f10x_hd.o(.text)
    USB_HP_CAN1_TX_IRQHandler                0x0800015f   Thumb Code     0  startup_stm32f10x_hd.o(.text)
    USB_LP_CAN1_RX0_IRQHandler               0x0800015f   Thumb Code     0  startup_stm32f10x_hd.o(.text)
    rand                                     0x08000169   Thumb Code    20  rand.o(.text)
    srand                                    0x0800017d   Thumb Code     6  rand.o(.text)
    __aeabi_memcpy                           0x0800018d   Thumb Code    36  memcpya.o(.text)
    __aeabi_memcpy4                          0x0800018d   Thumb Code     0  memcpya.o(.text)
    __aeabi_memcpy8                          0x0800018d   Thumb Code     0  memcpya.o(.text)
    __aeabi_memset                           0x080001b1   Thumb Code    14  memseta.o(.text)
    __aeabi_memset4                          0x080001b1   Thumb Code     0  memseta.o(.text)
    __aeabi_memset8                          0x080001b1   Thumb Code     0  memseta.o(.text)
    __aeabi_memclr                           0x080001bf   Thumb Code     4  memseta.o(.text)
    __aeabi_memclr4                          0x080001bf   Thumb Code     0  memseta.o(.text)
    __aeabi_memclr8                          0x080001bf   Thumb Code     0  memseta.o(.text)
    _memset$wrapper                          0x080001c3   Thumb Code    18  memseta.o(.text)
    strlen                                   0x080001d5   Thumb Code    14  strlen.o(.text)
    __aeabi_fadd                             0x080001e3   Thumb Code   164  fadd.o(.text)
    __aeabi_fsub                             0x08000287   Thumb Code     6  fadd.o(.text)
    __aeabi_frsub                            0x0800028d   Thumb Code     6  fadd.o(.text)
    __aeabi_fmul                             0x08000293   Thumb Code   108  fmul.o(.text)
    __aeabi_fdiv                             0x080002ff   Thumb Code   128  fdiv.o(.text)
    __aeabi_dadd                             0x0800037f   Thumb Code   322  dadd.o(.text)
    __aeabi_dsub                             0x080004c1   Thumb Code     6  dadd.o(.text)
    __aeabi_drsub                            0x080004c7   Thumb Code     6  dadd.o(.text)
    __aeabi_dmul                             0x080004cd   Thumb Code   228  dmul.o(.text)
    __aeabi_ddiv                             0x080005b1   Thumb Code   222  ddiv.o(.text)
    __aeabi_i2f                              0x0800068f   Thumb Code    18  fflti.o(.text)
    __aeabi_ui2f                             0x080006a1   Thumb Code    10  ffltui.o(.text)
    __aeabi_i2d                              0x080006ab   Thumb Code    34  dflti.o(.text)
    __aeabi_ui2d                             0x080006cd   Thumb Code    26  dfltui.o(.text)
    __aeabi_f2iz                             0x080006e7   Thumb Code    50  ffixi.o(.text)
    __aeabi_f2uiz                            0x08000719   Thumb Code    40  ffixui.o(.text)
    __aeabi_d2uiz                            0x08000741   Thumb Code    50  dfixui.o(.text)
    __aeabi_f2d                              0x08000773   Thumb Code    38  f2d.o(.text)
    __aeabi_cdcmpeq                          0x08000799   Thumb Code     0  cdcmple.o(.text)
    __aeabi_cdcmple                          0x08000799   Thumb Code    38  cdcmple.o(.text)
    __aeabi_cdrcmple                         0x080007c1   Thumb Code    38  cdrcmple.o(.text)
    __aeabi_d2f                              0x080007e9   Thumb Code    56  d2f.o(.text)
    __aeabi_cfcmpeq                          0x08000821   Thumb Code     0  cfcmple.o(.text)
    __aeabi_cfcmple                          0x08000821   Thumb Code    20  cfcmple.o(.text)
    __aeabi_cfrcmple                         0x08000835   Thumb Code    20  cfrcmple.o(.text)
    __aeabi_uidiv                            0x08000849   Thumb Code     0  uidiv.o(.text)
    __aeabi_uidivmod                         0x08000849   Thumb Code    44  uidiv.o(.text)
    __aeabi_uldivmod                         0x08000875   Thumb Code    98  uldiv.o(.text)
    __aeabi_llsl                             0x080008d7   Thumb Code    30  llshl.o(.text)
    _ll_shift_l                              0x080008d7   Thumb Code     0  llshl.o(.text)
    __aeabi_llsr                             0x080008f5   Thumb Code    32  llushr.o(.text)
    _ll_ushift_r                             0x080008f5   Thumb Code     0  llushr.o(.text)
    __aeabi_lasr                             0x08000915   Thumb Code    36  llsshr.o(.text)
    _ll_sshift_r                             0x08000915   Thumb Code     0  llsshr.o(.text)
    __I$use$fp                               0x08000939   Thumb Code     0  iusefp.o(.text)
    _float_round                             0x08000939   Thumb Code    18  fepilogue.o(.text)
    _float_epilogue                          0x0800094b   Thumb Code    90  fepilogue.o(.text)
    _double_round                            0x080009a5   Thumb Code    26  depilogue.o(.text)
    _double_epilogue                         0x080009bf   Thumb Code   164  depilogue.o(.text)
    __aeabi_d2ulz                            0x08000a63   Thumb Code    48  dfixul.o(.text)
    __scatterload                            0x08000a95   Thumb Code    28  init.o(.text)
    __scatterload_rt2                        0x08000a95   Thumb Code     0  init.o(.text)
    ADC_Cmd                                  0x08000ab9   Thumb Code    22  stm32f10x_adc.o(i.ADC_Cmd)
    ADC_DMACmd                               0x08000acf   Thumb Code    22  stm32f10x_adc.o(i.ADC_DMACmd)
    ADC_GetCalibrationStatus                 0x08000ae5   Thumb Code    20  stm32f10x_adc.o(i.ADC_GetCalibrationStatus)
    ADC_GetResetCalibrationStatus            0x08000af9   Thumb Code    20  stm32f10x_adc.o(i.ADC_GetResetCalibrationStatus)
    ADC_Init                                 0x08000b0d   Thumb Code    70  stm32f10x_adc.o(i.ADC_Init)
    ADC_RegularChannelConfig                 0x08000b5d   Thumb Code   184  stm32f10x_adc.o(i.ADC_RegularChannelConfig)
    ADC_ResetCalibration                     0x08000c15   Thumb Code    10  stm32f10x_adc.o(i.ADC_ResetCalibration)
    ADC_SoftwareStartConvCmd                 0x08000c1f   Thumb Code    22  stm32f10x_adc.o(i.ADC_SoftwareStartConvCmd)
    ADC_StartCalibration                     0x08000c35   Thumb Code    10  stm32f10x_adc.o(i.ADC_StartCalibration)
    ADCconfig                                0x08000c41   Thumb Code   214  sensor-adc.o(i.ADCconfig)
    AddrMapping                              0x08000d25   Thumb Code    62  flash.o(i.AddrMapping)
    BKP_DeInit                               0x08000d9d   Thumb Code    16  stm32f10x_bkp.o(i.BKP_DeInit)
    BKP_ReadBackupRegister                   0x08000dad   Thumb Code    24  stm32f10x_bkp.o(i.BKP_ReadBackupRegister)
    BKP_TamperPinCmd                         0x08000dc9   Thumb Code     6  stm32f10x_bkp.o(i.BKP_TamperPinCmd)
    BKP_WriteBackupRegister                  0x08000dd5   Thumb Code    22  stm32f10x_bkp.o(i.BKP_WriteBackupRegister)
    BusFault_Handler                         0x08000df1   Thumb Code    18  stm32f10x_it.o(i.BusFault_Handler)
    CRC16                                    0x08000e25   Thumb Code    80  433_wiminet.o(i.CRC16)
    ConfigData_Init                          0x08000e75   Thumb Code   570  gprs.o(i.ConfigData_Init)
    DMA_Cmd                                  0x08001281   Thumb Code    24  stm32f10x_dma.o(i.DMA_Cmd)
    DMA_DeInit                               0x08001299   Thumb Code   324  stm32f10x_dma.o(i.DMA_DeInit)
    DMA_GetCurrDataCounter                   0x080013e5   Thumb Code     8  stm32f10x_dma.o(i.DMA_GetCurrDataCounter)
    DMA_Init                                 0x080013ed   Thumb Code    60  stm32f10x_dma.o(i.DMA_Init)
    DMA_UART3_RecevDataGet                   0x08001429   Thumb Code   228  main.o(i.DMA_UART3_RecevDataGet)
    DMA_UART3_RecevDetect                    0x0800151d   Thumb Code   112  main.o(i.DMA_UART3_RecevDetect)
    DS2780_CapacityInit                      0x080015a9   Thumb Code    26  ds2780.o(i.DS2780_CapacityInit)
    DS2780_DQ_IN                             0x080015c9   Thumb Code    32  ds2780.o(i.DS2780_DQ_IN)
    DS2780_DQ_OUT                            0x080015ed   Thumb Code    38  ds2780.o(i.DS2780_DQ_OUT)
    DS2780_Test                              0x08001619   Thumb Code   232  ds2780.o(i.DS2780_Test)
    DataRead_From_Flash                      0x08001715   Thumb Code    84  flash.o(i.DataRead_From_Flash)
    DataWrite_To_Flash                       0x08001775   Thumb Code    96  flash.o(i.DataWrite_To_Flash)
    DebugMon_Handler                         0x080017e1   Thumb Code    10  stm32f10x_it.o(i.DebugMon_Handler)
    Delay_us                                 0x0800181d   Thumb Code    52  bsp_systick.o(i.Delay_us)
    Display                                  0x08001855   Thumb Code   188  main.o(i.Display)
    Filter                                   0x08001a85   Thumb Code   212  sensor-adc.o(i.Filter)
    Find_SpecialString                       0x08001b61   Thumb Code   148  gprs.o(i.Find_SpecialString)
    GPIO_Configuration                       0x08001bf5   Thumb Code    42  sensor-adc.o(i.GPIO_Configuration)
    GPIO_Init                                0x08001c25   Thumb Code   274  stm32f10x_gpio.o(i.GPIO_Init)
    GPIO_ReadInputDataBit                    0x08001d37   Thumb Code    18  stm32f10x_gpio.o(i.GPIO_ReadInputDataBit)
    GPIO_ResetBits                           0x08001d49   Thumb Code     4  stm32f10x_gpio.o(i.GPIO_ResetBits)
    GPIO_SetBits                             0x08001d4d   Thumb Code     4  stm32f10x_gpio.o(i.GPIO_SetBits)
    GetNetworkID                             0x08001d51   Thumb Code   126  433_wiminet.o(i.GetNetworkID)
    GetNodeBreathPeriod                      0x08001dfd   Thumb Code   126  433_wiminet.o(i.GetNodeBreathPeriod)
    GetNodeBreathTime                        0x08001ea9   Thumb Code   126  433_wiminet.o(i.GetNodeBreathTime)
    GetNodeCentralFrequency                  0x08001f55   Thumb Code   200  433_wiminet.o(i.GetNodeCentralFrequency)
    GetNodeFrequencyExpandBandwidth          0x08002055   Thumb Code   126  433_wiminet.o(i.GetNodeFrequencyExpandBandwidth)
    GetNodeFrequencyExpandFactor             0x08002101   Thumb Code   126  433_wiminet.o(i.GetNodeFrequencyExpandFactor)
    GetNodeID                                0x080021ad   Thumb Code   136  433_wiminet.o(i.GetNodeID)
    GetNodeSendPowerGrade                    0x08002261   Thumb Code   126  433_wiminet.o(i.GetNodeSendPowerGrade)
    Get_Rand_Num                             0x0800230d   Thumb Code    32  main.o(i.Get_Rand_Num)
    GregorianDay                             0x0800232d   Thumb Code   144  bsp_date.o(i.GregorianDay)
    HardFault_Handler                        0x080023c1   Thumb Code    18  stm32f10x_it.o(i.HardFault_Handler)
    MemManage_Handler                        0x080023f9   Thumb Code    18  stm32f10x_it.o(i.MemManage_Handler)
    NMI_Handler                              0x08002431   Thumb Code    10  stm32f10x_it.o(i.NMI_Handler)
    NVIC_Init                                0x08002459   Thumb Code   102  misc.o(i.NVIC_Init)
    NVIC_PriorityGroupConfig                 0x080024cd   Thumb Code    10  misc.o(i.NVIC_PriorityGroupConfig)
    PWR_BackupAccessCmd                      0x080024e1   Thumb Code     6  stm32f10x_pwr.o(i.PWR_BackupAccessCmd)
    PWR_EnterSTANDBYMode                     0x080024ed   Thumb Code    42  stm32f10x_pwr.o(i.PWR_EnterSTANDBYMode)
    PWR_WakeUpPinCmd                         0x08002521   Thumb Code     6  stm32f10x_pwr.o(i.PWR_WakeUpPinCmd)
    ParameterConfig_SX1278                   0x0800252d   Thumb Code   674  gprs.o(i.ParameterConfig_SX1278)
    ParameterInquire_SX1278                  0x080027e9   Thumb Code     2  gprs.o(i.ParameterInquire_SX1278)
    PendSV_Handler                           0x080027ed   Thumb Code    10  stm32f10x_it.o(i.PendSV_Handler)
    PeripheralInit                           0x08002825   Thumb Code   160  main.o(i.PeripheralInit)
    Power_SX1278_Init                        0x0800290d   Thumb Code    72  433_wiminet.o(i.Power_SX1278_Init)
    RCC_ADCCLKConfig                         0x08002961   Thumb Code    18  stm32f10x_rcc.o(i.RCC_ADCCLKConfig)
    RCC_AHBPeriphClockCmd                    0x08002979   Thumb Code    26  stm32f10x_rcc.o(i.RCC_AHBPeriphClockCmd)
    RCC_APB1PeriphClockCmd                   0x08002999   Thumb Code    26  stm32f10x_rcc.o(i.RCC_APB1PeriphClockCmd)
    RCC_APB1PeriphResetCmd                   0x080029b9   Thumb Code    26  stm32f10x_rcc.o(i.RCC_APB1PeriphResetCmd)
    RCC_APB2PeriphClockCmd                   0x080029d9   Thumb Code    26  stm32f10x_rcc.o(i.RCC_APB2PeriphClockCmd)
    RCC_APB2PeriphResetCmd                   0x080029f9   Thumb Code    26  stm32f10x_rcc.o(i.RCC_APB2PeriphResetCmd)
    RCC_BackupResetCmd                       0x08002a19   Thumb Code     6  stm32f10x_rcc.o(i.RCC_BackupResetCmd)
    RCC_ClearFlag                            0x08002a25   Thumb Code    14  stm32f10x_rcc.o(i.RCC_ClearFlag)
    RCC_GetClocksFreq                        0x08002a39   Thumb Code   192  stm32f10x_rcc.o(i.RCC_GetClocksFreq)
    RCC_GetFlagStatus                        0x08002b0d   Thumb Code    56  stm32f10x_rcc.o(i.RCC_GetFlagStatus)
    RCC_LSEConfig                            0x08002b49   Thumb Code    44  stm32f10x_rcc.o(i.RCC_LSEConfig)
    RCC_RTCCLKCmd                            0x08002b7d   Thumb Code     6  stm32f10x_rcc.o(i.RCC_RTCCLKCmd)
    RCC_RTCCLKConfig                         0x08002b89   Thumb Code    12  stm32f10x_rcc.o(i.RCC_RTCCLKConfig)
    RTC_CheckAndConfig                       0x08002b99   Thumb Code    66  bsp_rtc.o(i.RTC_CheckAndConfig)
    RTC_ClearITPendingBit                    0x08002be1   Thumb Code    12  stm32f10x_rtc.o(i.RTC_ClearITPendingBit)
    RTC_Configuration                        0x08002bf1   Thumb Code    76  bsp_rtc.o(i.RTC_Configuration)
    RTC_EnterConfigMode                      0x08002c3d   Thumb Code    14  stm32f10x_rtc.o(i.RTC_EnterConfigMode)
    RTC_ExitConfigMode                       0x08002c51   Thumb Code    16  stm32f10x_rtc.o(i.RTC_ExitConfigMode)
    RTC_GetCounter                           0x08002c65   Thumb Code    16  stm32f10x_rtc.o(i.RTC_GetCounter)
    RTC_GetITStatus                          0x08002c79   Thumb Code    32  stm32f10x_rtc.o(i.RTC_GetITStatus)
    RTC_IRQHandler                           0x08002c9d   Thumb Code    22  stm32f10x_it.o(i.RTC_IRQHandler)
    RTC_NVIC_Config                          0x08002cb3   Thumb Code    40  bsp_rtc.o(i.RTC_NVIC_Config)
    RTC_SetAlarm                             0x08002cdd   Thumb Code    24  stm32f10x_rtc.o(i.RTC_SetAlarm)
    RTC_SetCounter                           0x08002cf9   Thumb Code    24  stm32f10x_rtc.o(i.RTC_SetCounter)
    RTC_SetPrescaler                         0x08002d15   Thumb Code    26  stm32f10x_rtc.o(i.RTC_SetPrescaler)
    RTC_WaitForLastTask                      0x08002d35   Thumb Code    14  stm32f10x_rtc.o(i.RTC_WaitForLastTask)
    RTC_WaitForSynchro                       0x08002d49   Thumb Code    28  stm32f10x_rtc.o(i.RTC_WaitForSynchro)
    ReadSensorData                           0x08002d69   Thumb Code   176  sensor-adc.o(i.ReadSensorData)
    Receive_Data_Analysis                    0x08002e31   Thumb Code   140  gprs.o(i.Receive_Data_Analysis)
    ReverseBitOrder08                        0x08002ef9   Thumb Code    32  433_wiminet.o(i.ReverseBitOrder08)
    ReverseBitOrder16                        0x08002f19   Thumb Code    36  433_wiminet.o(i.ReverseBitOrder16)
    SPI_Cmd                                  0x08002f3d   Thumb Code    24  stm32f10x_spi.o(i.SPI_Cmd)
    SPI_FLASH_BufferRead                     0x08002f55   Thumb Code    80  flash.o(i.SPI_FLASH_BufferRead)
    SPI_FLASH_BufferWrite                    0x08002fa9   Thumb Code   290  flash.o(i.SPI_FLASH_BufferWrite)
    SPI_FLASH_Init                           0x080030cd   Thumb Code   188  flash.o(i.SPI_FLASH_Init)
    SPI_FLASH_PageWrite                      0x08003191   Thumb Code    96  flash.o(i.SPI_FLASH_PageWrite)
    SPI_FLASH_ReadDeviceID                   0x080031f5   Thumb Code    60  flash.o(i.SPI_FLASH_ReadDeviceID)
    SPI_FLASH_ReadID                         0x08003235   Thumb Code    78  flash.o(i.SPI_FLASH_ReadID)
    SPI_FLASH_SectorErase                    0x08003289   Thumb Code    66  flash.o(i.SPI_FLASH_SectorErase)
    SPI_FLASH_SendByte                       0x080032d1   Thumb Code    50  flash.o(i.SPI_FLASH_SendByte)
    SPI_FLASH_WaitForWriteEnd                0x08003309   Thumb Code    48  flash.o(i.SPI_FLASH_WaitForWriteEnd)
    SPI_FLASH_WriteEnable                    0x0800333d   Thumb Code    30  flash.o(i.SPI_FLASH_WriteEnable)
    SPI_Flash_PowerDown                      0x08003361   Thumb Code    30  flash.o(i.SPI_Flash_PowerDown)
    SPI_I2S_GetFlagStatus                    0x08003385   Thumb Code    18  stm32f10x_spi.o(i.SPI_I2S_GetFlagStatus)
    SPI_I2S_ReceiveData                      0x08003397   Thumb Code     6  stm32f10x_spi.o(i.SPI_I2S_ReceiveData)
    SPI_I2S_SendData                         0x0800339d   Thumb Code     4  stm32f10x_spi.o(i.SPI_I2S_SendData)
    SPI_Init                                 0x080033a1   Thumb Code    60  stm32f10x_spi.o(i.SPI_Init)
    SVC_Handler                              0x080033dd   Thumb Code    10  stm32f10x_it.o(i.SVC_Handler)
    SendDataToServ                           0x08003411   Thumb Code   944  aiderprotocol.o(i.SendDataToServ)
    SendMessage                              0x080037f5   Thumb Code   100  433_wiminet.o(i.SendMessage)
    SenserDataCollect                        0x08003889   Thumb Code   558  main.o(i.SenserDataCollect)
    SetNodeBreathPeriod                      0x08003b99   Thumb Code   132  433_wiminet.o(i.SetNodeBreathPeriod)
    SetNodeBreathTime                        0x08003c39   Thumb Code   132  433_wiminet.o(i.SetNodeBreathTime)
    SetNodeCentralFrequency                  0x08003cd9   Thumb Code   208  433_wiminet.o(i.SetNodeCentralFrequency)
    SetNodeFrequencyExpandBandwidth          0x08003dd1   Thumb Code   132  433_wiminet.o(i.SetNodeFrequencyExpandBandwidth)
    SetNodeFrequencyExpandFactor             0x08003e71   Thumb Code   132  433_wiminet.o(i.SetNodeFrequencyExpandFactor)
    SetNodeID                                0x08003f11   Thumb Code   140  433_wiminet.o(i.SetNodeID)
    SetNodeNetworkID                         0x08003fb9   Thumb Code   132  433_wiminet.o(i.SetNodeNetworkID)
    SetNodeSendPowerGrade                    0x08004059   Thumb Code   132  433_wiminet.o(i.SetNodeSendPowerGrade)
    Set_DS2780                               0x080041dd   Thumb Code    20  test.o(i.Set_DS2780)
    Set_register_ds2780                      0x080041f1   Thumb Code   410  ds2780.o(i.Set_register_ds2780)
    SysTick_Handler                          0x0800438b   Thumb Code     8  stm32f10x_it.o(i.SysTick_Handler)
    SysTick_Init                             0x08004395   Thumb Code   106  bsp_systick.o(i.SysTick_Init)
    SystemInit                               0x08004411   Thumb Code    78  system_stm32f10x.o(i.SystemInit)
    TIM3_IRQHandler                          0x08004471   Thumb Code    66  stm32f10x_it.o(i.TIM3_IRQHandler)
    TIM_ClearITPendingBit                    0x080044c5   Thumb Code     6  stm32f10x_tim.o(i.TIM_ClearITPendingBit)
    TIM_Cmd                                  0x080044cb   Thumb Code    24  stm32f10x_tim.o(i.TIM_Cmd)
    TIM_DeInit                               0x080044e5   Thumb Code   424  stm32f10x_tim.o(i.TIM_DeInit)
    TIM_GetITStatus                          0x080046cd   Thumb Code    34  stm32f10x_tim.o(i.TIM_GetITStatus)
    TIM_ITConfig                             0x080046ef   Thumb Code    18  stm32f10x_tim.o(i.TIM_ITConfig)
    Time_Auto_Regulate                       0x08004701   Thumb Code    92  bsp_rtc.o(i.Time_Auto_Regulate)
    Time_Display                             0x08004781   Thumb Code    20  bsp_rtc.o(i.Time_Display)
    TimingDelay_Decrement                    0x08004795   Thumb Code    18  bsp_systick.o(i.TimingDelay_Decrement)
    Treaty_Data_Analysis                     0x080047ad   Thumb Code  2510  aiderprotocol.o(i.Treaty_Data_Analysis)
    UART4_IRQHandler                         0x0800523d   Thumb Code   110  stm32f10x_it.o(i.UART4_IRQHandler)
    UART_NVIC_Configuration                  0x080052d9   Thumb Code   158  bsp_usart.o(i.UART_NVIC_Configuration)
    USART1_Config                            0x08005379   Thumb Code   210  bsp_usart.o(i.USART1_Config)
    USART1_IRQHandler                        0x08005455   Thumb Code   108  stm32f10x_it.o(i.USART1_IRQHandler)
    USART2_Config                            0x080054cd   Thumb Code   138  bsp_usart.o(i.USART2_Config)
    USART2_DMA_Config                        0x08005561   Thumb Code    86  bsp_usart.o(i.USART2_DMA_Config)
    USART2_IRQHandler                        0x080055c9   Thumb Code    70  stm32f10x_it.o(i.USART2_IRQHandler)
    USART4_Config                            0x08005621   Thumb Code   164  bsp_usart.o(i.USART4_Config)
    USART_ClearFlag                          0x080056cd   Thumb Code    18  stm32f10x_usart.o(i.USART_ClearFlag)
    USART_ClearITPendingBit                  0x080056df   Thumb Code    30  stm32f10x_usart.o(i.USART_ClearITPendingBit)
    USART_Cmd                                0x080056fd   Thumb Code    24  stm32f10x_usart.o(i.USART_Cmd)
    USART_DMACmd                             0x08005715   Thumb Code    18  stm32f10x_usart.o(i.USART_DMACmd)
    USART_DataBlock_Send                     0x08005727   Thumb Code    48  gprs.o(i.USART_DataBlock_Send)
    USART_GetFlagStatus                      0x08005757   Thumb Code    26  stm32f10x_usart.o(i.USART_GetFlagStatus)
    USART_GetITStatus                        0x08005771   Thumb Code    84  stm32f10x_usart.o(i.USART_GetITStatus)
    USART_ITConfig                           0x080057c5   Thumb Code    74  stm32f10x_usart.o(i.USART_ITConfig)
    USART_Init                               0x08005811   Thumb Code   210  stm32f10x_usart.o(i.USART_Init)
    USART_ReceiveData                        0x080058e9   Thumb Code    10  stm32f10x_usart.o(i.USART_ReceiveData)
    USART_SendData                           0x080058f3   Thumb Code     8  stm32f10x_usart.o(i.USART_SendData)
    UploadFlash                              0x080058fd   Thumb Code   560  aiderprotocol.o(i.UploadFlash)
    UsageFault_Handler                       0x08005c8d   Thumb Code    18  stm32f10x_it.o(i.UsageFault_Handler)
    WWDG_ClearFlag                           0x08005cc5   Thumb Code     8  stm32f10x_wwdg.o(i.WWDG_ClearFlag)
    WWDG_Enable                              0x08005cd1   Thumb Code    10  stm32f10x_wwdg.o(i.WWDG_Enable)
    WWDG_EnableIT                            0x08005ce1   Thumb Code     8  stm32f10x_wwdg.o(i.WWDG_EnableIT)
    WWDG_IRQHandler                          0x08005ced   Thumb Code    34  stm32f10x_it.o(i.WWDG_IRQHandler)
    WWDG_Init                                0x08005d19   Thumb Code    90  watchdog.o(i.WWDG_Init)
    WWDG_SetCounter                          0x08005d79   Thumb Code    10  stm32f10x_wwdg.o(i.WWDG_SetCounter)
    WWDG_SetPrescaler                        0x08005d89   Thumb Code    18  stm32f10x_wwdg.o(i.WWDG_SetPrescaler)
    WWDG_SetWindowValue                      0x08005da1   Thumb Code    34  stm32f10x_wwdg.o(i.WWDG_SetWindowValue)
    __0printf                                0x08005dc9   Thumb Code    22  printfa.o(i.__0printf)
    __1printf                                0x08005dc9   Thumb Code     0  printfa.o(i.__0printf)
    __2printf                                0x08005dc9   Thumb Code     0  printfa.o(i.__0printf)
    __c89printf                              0x08005dc9   Thumb Code     0  printfa.o(i.__0printf)
    printf                                   0x08005dc9   Thumb Code     0  printfa.o(i.__0printf)
    __scatterload_copy                       0x08005de9   Thumb Code    14  handlers.o(i.__scatterload_copy)
    __scatterload_null                       0x08005df7   Thumb Code     2  handlers.o(i.__scatterload_null)
    __scatterload_zeroinit                   0x08005df9   Thumb Code    14  handlers.o(i.__scatterload_zeroinit)
    copy_data_ds2780                         0x080066ab   Thumb Code    22  ds2780.o(i.copy_data_ds2780)
    fputc                                    0x080066c1   Thumb Code    32  bsp_usart.o(i.fputc)
    get_ACR                                  0x080066e5   Thumb Code   128  ds2780.o(i.get_ACR)
    get_RAAC                                 0x08006769   Thumb Code    72  ds2780.o(i.get_RAAC)
    get_current                              0x080067b9   Thumb Code   132  ds2780.o(i.get_current)
    get_voltage                              0x08006845   Thumb Code    78  ds2780.o(i.get_voltage)
    gotoSleep                                0x0800689d   Thumb Code   112  common.o(i.gotoSleep)
    main                                     0x0800695d   Thumb Code   238  main.o(i.main)
    mktimev                                  0x08006a79   Thumb Code   124  bsp_date.o(i.mktimev)
    mput_mix                                 0x08006af9   Thumb Code    52  gprs.o(i.mput_mix)
    ntohl                                    0x08006b41   Thumb Code    26  api-platform.o(i.ntohl)
    ntohs                                    0x08006b5b   Thumb Code    12  api-platform.o(i.ntohs)
    read_bit                                 0x08006b69   Thumb Code    50  ds2780.o(i.read_bit)
    read_byte                                0x08006ba1   Thumb Code    34  ds2780.o(i.read_byte)
    read_byte_data                           0x08006bc3   Thumb Code    24  ds2780.o(i.read_byte_data)
    reset                                    0x08006bdd   Thumb Code    64  ds2780.o(i.reset)
    set_ACR                                  0x08006c21   Thumb Code    94  ds2780.o(i.set_ACR)
    to_tm                                    0x08006c85   Thumb Code   194  bsp_date.o(i.to_tm)
    write_byte                               0x08006d51   Thumb Code    88  ds2780.o(i.write_byte)
    write_data                               0x08006dad   Thumb Code    30  ds2780.o(i.write_data)
    write_ds2780_cmd                         0x08006dcb   Thumb Code    44  ds2780.o(i.write_ds2780_cmd)
    Region$$Table$$Base                      0x08006efc   Number         0  anon$$obj.o(Region$$Table)
    Region$$Table$$Limit                     0x08006f1c   Number         0  anon$$obj.o(Region$$Table)
    SystemCoreClock                          0x20000000   Data           4  system_stm32f10x.o(.data)
    AHBPrescTable                            0x20000004   Data          16  system_stm32f10x.o(.data)
    WWDOG_Feed                               0x20000028   Data           2  main.o(.data)
    PowerOffReset                            0x2000002a   Data           1  main.o(.data)
    Send_Request_flag                        0x2000002b   Data           1  main.o(.data)
    LiquidDataSend_Flag                      0x2000002c   Data           1  main.o(.data)
    SensorCollectNumber                      0x2000002d   Data           1  main.o(.data)
    Usart1_recev_count                       0x2000002e   Data           2  main.o(.data)
    DMA_UART3_RECEV_FLAG                     0x20000030   Data           1  main.o(.data)
    DataCollectCount                         0x20000031   Data           1  main.o(.data)
    PerceptionData                           0x20000032   Data           7  main.o(.data)
    Sensor_PowderOn                          0x2000003c   Data           4  main.o(.data)
    Sensor_PowderTime                        0x20000040   Data           4  main.o(.data)
    Usart3_recev_count                       0x20000048   Data           2  gprs.o(.data)
    WWDG_CNT                                 0x2000007c   Data           1  watchdog.o(.data)
    MessageSendSeq                           0x2000007d   Data           1  aiderprotocol.o(.data)
    DeviceID                                 0x20000080   Data           4  flash.o(.data)
    FlashID                                  0x20000084   Data           4  flash.o(.data)
    TransferStatus1                          0x20000088   Data           1  flash.o(.data)
    Senser_Address                           0x2000008c   Data           1  modbus.o(.data)
    Uart4_rev_count                          0x2000008d   Data           1  modbus.o(.data)
    Uart4_send_counter                       0x2000008e   Data           1  modbus.o(.data)
    Uart4_rev_comflag                        0x2000008f   Data           1  modbus.o(.data)
    Uart4_send_ready_flag                    0x20000090   Data           1  modbus.o(.data)
    Crc_counter                              0x20000091   Data           1  modbus.o(.data)
    Uart4_send_pointer                       0x20000094   Data           4  modbus.o(.data)
    LevelDataCount                           0x20000098   Data           1  modbus.o(.data)
    ADC1ConvertedValue                       0x2000009a   Data           2  sensor-adc.o(.data)
    __stdout                                 0x200000a0   Data           4  stdout.o(.data)
    DeviceConfig                             0x200000a4   Data          63  main.o(.bss)
    ConfigData                               0x200000e3   Data          73  main.o(.bss)
    Usart1_recev_buff                        0x2000012c   Data         300  main.o(.bss)
    Usart2_send_buff                         0x20000258   Data         500  main.o(.bss)
    Usart2_recev_buff                        0x2000044c   Data         500  main.o(.bss)
    Usart3_send_buff                         0x20000640   Data         300  main.o(.bss)
    systmtime                                0x2000076c   Data          28  main.o(.bss)
    ReportUp                                 0x20000788   Data         105  main.o(.bss)
    SendBuff                                 0x200007f4   Data         500  bsp_usart.o(.bss)
    DMA_USART3_RecevBuff                     0x200009e8   Data         500  bsp_usart.o(.bss)
    DMA_USART3_RecevIndicator                0x20000bdc   Data          16  bsp_usart.o(.bss)
    Usart3_recev_buff                        0x20000bec   Data         300  gprs.o(.bss)
    ClientSetRequest                         0x20000d18   Data         779  gprs.o(.bss)
    Uart4_rev_buff                           0x20001023   Data         100  modbus.o(.bss)
    Uart4_send_buff                          0x20001087   Data         100  modbus.o(.bss)
    __initial_sp                             0x200014f0   Data           0  startup_stm32f10x_hd.o(STACK)



==============================================================================

Memory Map of the image

  Image Entry point : 0x08000131

  Load Region LR_IROM1 (Base: 0x08000000, Size: 0x00006fc0, Max: 0x00040000, ABSOLUTE)

    Execution Region ER_IROM1 (Base: 0x08000000, Size: 0x00006f1c, Max: 0x00040000, ABSOLUTE)

    Base Addr    Size         Type   Attr      Idx    E Section Name        Object

    0x08000000   0x00000130   Data   RO            3    RESET               startup_stm32f10x_hd.o
    0x08000130   0x00000000   Code   RO         4389  * .ARM.Collect$$$$00000000  mc_w.l(entry.o)
    0x08000130   0x00000004   Code   RO         4719    .ARM.Collect$$$$00000001  mc_w.l(entry2.o)
    0x08000134   0x00000004   Code   RO         4722    .ARM.Collect$$$$00000004  mc_w.l(entry5.o)
    0x08000138   0x00000000   Code   RO         4724    .ARM.Collect$$$$00000008  mc_w.l(entry7b.o)
    0x08000138   0x00000000   Code   RO         4726    .ARM.Collect$$$$0000000A  mc_w.l(entry8b.o)
    0x08000138   0x00000008   Code   RO         4727    .ARM.Collect$$$$0000000B  mc_w.l(entry9a.o)
    0x08000140   0x00000000   Code   RO         4729    .ARM.Collect$$$$0000000D  mc_w.l(entry10a.o)
    0x08000140   0x00000000   Code   RO         4731    .ARM.Collect$$$$0000000F  mc_w.l(entry11a.o)
    0x08000140   0x00000004   Code   RO         4720    .ARM.Collect$$$$00002712  mc_w.l(entry2.o)
    0x08000144   0x00000024   Code   RO            4    .text               startup_stm32f10x_hd.o
    0x08000168   0x00000024   Code   RO         4392    .text               mc_w.l(rand.o)
    0x0800018c   0x00000024   Code   RO         4395    .text               mc_w.l(memcpya.o)
    0x080001b0   0x00000024   Code   RO         4397    .text               mc_w.l(memseta.o)
    0x080001d4   0x0000000e   Code   RO         4399    .text               mc_w.l(strlen.o)
    0x080001e2   0x000000b0   Code   RO         4664    .text               mf_w.l(fadd.o)
    0x08000292   0x0000006c   Code   RO         4666    .text               mf_w.l(fmul.o)
    0x080002fe   0x00000080   Code   RO         4668    .text               mf_w.l(fdiv.o)
    0x0800037e   0x0000014e   Code   RO         4670    .text               mf_w.l(dadd.o)
    0x080004cc   0x000000e4   Code   RO         4672    .text               mf_w.l(dmul.o)
    0x080005b0   0x000000de   Code   RO         4674    .text               mf_w.l(ddiv.o)
    0x0800068e   0x00000012   Code   RO         4676    .text               mf_w.l(fflti.o)
    0x080006a0   0x0000000a   Code   RO         4678    .text               mf_w.l(ffltui.o)
    0x080006aa   0x00000022   Code   RO         4680    .text               mf_w.l(dflti.o)
    0x080006cc   0x0000001a   Code   RO         4682    .text               mf_w.l(dfltui.o)
    0x080006e6   0x00000032   Code   RO         4684    .text               mf_w.l(ffixi.o)
    0x08000718   0x00000028   Code   RO         4686    .text               mf_w.l(ffixui.o)
    0x08000740   0x00000032   Code   RO         4690    .text               mf_w.l(dfixui.o)
    0x08000772   0x00000026   Code   RO         4692    .text               mf_w.l(f2d.o)
    0x08000798   0x00000028   Code   RO         4694    .text               mf_w.l(cdcmple.o)
    0x080007c0   0x00000028   Code   RO         4696    .text               mf_w.l(cdrcmple.o)
    0x080007e8   0x00000038   Code   RO         4698    .text               mf_w.l(d2f.o)
    0x08000820   0x00000014   Code   RO         4700    .text               mf_w.l(cfcmple.o)
    0x08000834   0x00000014   Code   RO         4702    .text               mf_w.l(cfrcmple.o)
    0x08000848   0x0000002c   Code   RO         4734    .text               mc_w.l(uidiv.o)
    0x08000874   0x00000062   Code   RO         4736    .text               mc_w.l(uldiv.o)
    0x080008d6   0x0000001e   Code   RO         4738    .text               mc_w.l(llshl.o)
    0x080008f4   0x00000020   Code   RO         4740    .text               mc_w.l(llushr.o)
    0x08000914   0x00000024   Code   RO         4742    .text               mc_w.l(llsshr.o)
    0x08000938   0x00000000   Code   RO         4751    .text               mc_w.l(iusefp.o)
    0x08000938   0x0000006c   Code   RO         4752    .text               mf_w.l(fepilogue.o)
    0x080009a4   0x000000be   Code   RO         4754    .text               mf_w.l(depilogue.o)
    0x08000a62   0x00000030   Code   RO         4758    .text               mf_w.l(dfixul.o)
    0x08000a92   0x00000002   PAD
    0x08000a94   0x00000024   Code   RO         4760    .text               mc_w.l(init.o)
    0x08000ab8   0x00000016   Code   RO          159    i.ADC_Cmd           stm32f10x_adc.o
    0x08000ace   0x00000016   Code   RO          160    i.ADC_DMACmd        stm32f10x_adc.o
    0x08000ae4   0x00000014   Code   RO          167    i.ADC_GetCalibrationStatus  stm32f10x_adc.o
    0x08000af8   0x00000014   Code   RO          173    i.ADC_GetResetCalibrationStatus  stm32f10x_adc.o
    0x08000b0c   0x00000050   Code   RO          177    i.ADC_Init          stm32f10x_adc.o
    0x08000b5c   0x000000b8   Code   RO          181    i.ADC_RegularChannelConfig  stm32f10x_adc.o
    0x08000c14   0x0000000a   Code   RO          182    i.ADC_ResetCalibration  stm32f10x_adc.o
    0x08000c1e   0x00000016   Code   RO          184    i.ADC_SoftwareStartConvCmd  stm32f10x_adc.o
    0x08000c34   0x0000000a   Code   RO          186    i.ADC_StartCalibration  stm32f10x_adc.o
    0x08000c3e   0x00000002   PAD
    0x08000c40   0x000000e4   Code   RO         4327    i.ADCconfig         sensor-adc.o
    0x08000d24   0x00000078   Code   RO         3710    i.AddrMapping       flash.o
    0x08000d9c   0x00000010   Code   RO          380    i.BKP_DeInit        stm32f10x_bkp.o
    0x08000dac   0x0000001c   Code   RO          385    i.BKP_ReadBackupRegister  stm32f10x_bkp.o
    0x08000dc8   0x0000000c   Code   RO          387    i.BKP_TamperPinCmd  stm32f10x_bkp.o
    0x08000dd4   0x0000001c   Code   RO          389    i.BKP_WriteBackupRegister  stm32f10x_bkp.o
    0x08000df0   0x00000034   Code   RO         3242    i.BusFault_Handler  stm32f10x_it.o
    0x08000e24   0x00000050   Code   RO         3840    i.CRC16             433_wiminet.o
    0x08000e74   0x0000040c   Code   RO         3469    i.ConfigData_Init   gprs.o
    0x08001280   0x00000018   Code   RO          859    i.DMA_Cmd           stm32f10x_dma.o
    0x08001298   0x0000014c   Code   RO          860    i.DMA_DeInit        stm32f10x_dma.o
    0x080013e4   0x00000008   Code   RO          861    i.DMA_GetCurrDataCounter  stm32f10x_dma.o
    0x080013ec   0x0000003c   Code   RO          865    i.DMA_Init          stm32f10x_dma.o
    0x08001428   0x000000f4   Code   RO         3109    i.DMA_UART3_RecevDataGet  main.o
    0x0800151c   0x0000008c   Code   RO         3110    i.DMA_UART3_RecevDetect  main.o
    0x080015a8   0x00000020   Code   RO         4073    i.DS2780_CapacityInit  ds2780.o
    0x080015c8   0x00000024   Code   RO         4074    i.DS2780_DQ_IN      ds2780.o
    0x080015ec   0x0000002c   Code   RO         4075    i.DS2780_DQ_OUT     ds2780.o
    0x08001618   0x000000fc   Code   RO         4076    i.DS2780_Test       ds2780.o
    0x08001714   0x00000060   Code   RO         3712    i.DataRead_From_Flash  flash.o
    0x08001774   0x0000006c   Code   RO         3713    i.DataWrite_To_Flash  flash.o
    0x080017e0   0x0000003c   Code   RO         3243    i.DebugMon_Handler  stm32f10x_it.o
    0x0800181c   0x00000038   Code   RO         3439    i.Delay_us          bsp_systick.o
    0x08001854   0x00000230   Code   RO         3111    i.Display           main.o
    0x08001a84   0x000000dc   Code   RO         4328    i.Filter            sensor-adc.o
    0x08001b60   0x00000094   Code   RO         3470    i.Find_SpecialString  gprs.o
    0x08001bf4   0x00000030   Code   RO         4329    i.GPIO_Configuration  sensor-adc.o
    0x08001c24   0x00000112   Code   RO         1286    i.GPIO_Init         stm32f10x_gpio.o
    0x08001d36   0x00000012   Code   RO         1290    i.GPIO_ReadInputDataBit  stm32f10x_gpio.o
    0x08001d48   0x00000004   Code   RO         1293    i.GPIO_ResetBits    stm32f10x_gpio.o
    0x08001d4c   0x00000004   Code   RO         1294    i.GPIO_SetBits      stm32f10x_gpio.o
    0x08001d50   0x000000ac   Code   RO         3841    i.GetNetworkID      433_wiminet.o
    0x08001dfc   0x000000ac   Code   RO         3842    i.GetNodeBreathPeriod  433_wiminet.o
    0x08001ea8   0x000000ac   Code   RO         3843    i.GetNodeBreathTime  433_wiminet.o
    0x08001f54   0x00000100   Code   RO         3844    i.GetNodeCentralFrequency  433_wiminet.o
    0x08002054   0x000000ac   Code   RO         3845    i.GetNodeFrequencyExpandBandwidth  433_wiminet.o
    0x08002100   0x000000ac   Code   RO         3846    i.GetNodeFrequencyExpandFactor  433_wiminet.o
    0x080021ac   0x000000b4   Code   RO         3847    i.GetNodeID         433_wiminet.o
    0x08002260   0x000000ac   Code   RO         3849    i.GetNodeSendPowerGrade  433_wiminet.o
    0x0800230c   0x00000020   Code   RO         3112    i.Get_Rand_Num      main.o
    0x0800232c   0x00000094   Code   RO         3609    i.GregorianDay      bsp_date.o
    0x080023c0   0x00000038   Code   RO         3244    i.HardFault_Handler  stm32f10x_it.o
    0x080023f8   0x00000038   Code   RO         3245    i.MemManage_Handler  stm32f10x_it.o
    0x08002430   0x00000028   Code   RO         3246    i.NMI_Handler       stm32f10x_it.o
    0x08002458   0x00000074   Code   RO          113    i.NVIC_Init         misc.o
    0x080024cc   0x00000014   Code   RO          114    i.NVIC_PriorityGroupConfig  misc.o
    0x080024e0   0x0000000c   Code   RO         1646    i.PWR_BackupAccessCmd  stm32f10x_pwr.o
    0x080024ec   0x00000034   Code   RO         1649    i.PWR_EnterSTANDBYMode  stm32f10x_pwr.o
    0x08002520   0x0000000c   Code   RO         1654    i.PWR_WakeUpPinCmd  stm32f10x_pwr.o
    0x0800252c   0x000002bc   Code   RO         3472    i.ParameterConfig_SX1278  gprs.o
    0x080027e8   0x00000002   Code   RO         3473    i.ParameterInquire_SX1278  gprs.o
    0x080027ea   0x00000002   PAD
    0x080027ec   0x00000038   Code   RO         3247    i.PendSV_Handler    stm32f10x_it.o
    0x08002824   0x000000e8   Code   RO         3113    i.PeripheralInit    main.o
    0x0800290c   0x00000054   Code   RO         3855    i.Power_SX1278_Init  433_wiminet.o
    0x08002960   0x00000018   Code   RO         1706    i.RCC_ADCCLKConfig  stm32f10x_rcc.o
    0x08002978   0x00000020   Code   RO         1707    i.RCC_AHBPeriphClockCmd  stm32f10x_rcc.o
    0x08002998   0x00000020   Code   RO         1708    i.RCC_APB1PeriphClockCmd  stm32f10x_rcc.o
    0x080029b8   0x00000020   Code   RO         1709    i.RCC_APB1PeriphResetCmd  stm32f10x_rcc.o
    0x080029d8   0x00000020   Code   RO         1710    i.RCC_APB2PeriphClockCmd  stm32f10x_rcc.o
    0x080029f8   0x00000020   Code   RO         1711    i.RCC_APB2PeriphResetCmd  stm32f10x_rcc.o
    0x08002a18   0x0000000c   Code   RO         1713    i.RCC_BackupResetCmd  stm32f10x_rcc.o
    0x08002a24   0x00000014   Code   RO         1714    i.RCC_ClearFlag     stm32f10x_rcc.o
    0x08002a38   0x000000d4   Code   RO         1718    i.RCC_GetClocksFreq  stm32f10x_rcc.o
    0x08002b0c   0x0000003c   Code   RO         1719    i.RCC_GetFlagStatus  stm32f10x_rcc.o
    0x08002b48   0x00000034   Code   RO         1726    i.RCC_LSEConfig     stm32f10x_rcc.o
    0x08002b7c   0x0000000c   Code   RO         1733    i.RCC_RTCCLKCmd     stm32f10x_rcc.o
    0x08002b88   0x00000010   Code   RO         1734    i.RCC_RTCCLKConfig  stm32f10x_rcc.o
    0x08002b98   0x00000048   Code   RO         3566    i.RTC_CheckAndConfig  bsp_rtc.o
    0x08002be0   0x00000010   Code   RO         1907    i.RTC_ClearITPendingBit  stm32f10x_rtc.o
    0x08002bf0   0x0000004c   Code   RO         3567    i.RTC_Configuration  bsp_rtc.o
    0x08002c3c   0x00000014   Code   RO         1908    i.RTC_EnterConfigMode  stm32f10x_rtc.o
    0x08002c50   0x00000014   Code   RO         1909    i.RTC_ExitConfigMode  stm32f10x_rtc.o
    0x08002c64   0x00000014   Code   RO         1910    i.RTC_GetCounter    stm32f10x_rtc.o
    0x08002c78   0x00000024   Code   RO         1913    i.RTC_GetITStatus   stm32f10x_rtc.o
    0x08002c9c   0x00000016   Code   RO         3248    i.RTC_IRQHandler    stm32f10x_it.o
    0x08002cb2   0x00000028   Code   RO         3568    i.RTC_NVIC_Config   bsp_rtc.o
    0x08002cda   0x00000002   PAD
    0x08002cdc   0x0000001c   Code   RO         1915    i.RTC_SetAlarm      stm32f10x_rtc.o
    0x08002cf8   0x0000001c   Code   RO         1916    i.RTC_SetCounter    stm32f10x_rtc.o
    0x08002d14   0x00000020   Code   RO         1917    i.RTC_SetPrescaler  stm32f10x_rtc.o
    0x08002d34   0x00000014   Code   RO         1918    i.RTC_WaitForLastTask  stm32f10x_rtc.o
    0x08002d48   0x00000020   Code   RO         1919    i.RTC_WaitForSynchro  stm32f10x_rtc.o
    0x08002d68   0x000000c8   Code   RO         4331    i.ReadSensorData    sensor-adc.o
    0x08002e30   0x000000c8   Code   RO         3474    i.Receive_Data_Analysis  gprs.o
    0x08002ef8   0x00000020   Code   RO         3857    i.ReverseBitOrder08  433_wiminet.o
    0x08002f18   0x00000024   Code   RO         3858    i.ReverseBitOrder16  433_wiminet.o
    0x08002f3c   0x00000018   Code   RO         2187    i.SPI_Cmd           stm32f10x_spi.o
    0x08002f54   0x00000054   Code   RO         3714    i.SPI_FLASH_BufferRead  flash.o
    0x08002fa8   0x00000122   Code   RO         3715    i.SPI_FLASH_BufferWrite  flash.o
    0x080030ca   0x00000002   PAD
    0x080030cc   0x000000c4   Code   RO         3717    i.SPI_FLASH_Init    flash.o
    0x08003190   0x00000064   Code   RO         3718    i.SPI_FLASH_PageWrite  flash.o
    0x080031f4   0x00000040   Code   RO         3720    i.SPI_FLASH_ReadDeviceID  flash.o
    0x08003234   0x00000054   Code   RO         3721    i.SPI_FLASH_ReadID  flash.o
    0x08003288   0x00000048   Code   RO         3722    i.SPI_FLASH_SectorErase  flash.o
    0x080032d0   0x00000038   Code   RO         3723    i.SPI_FLASH_SendByte  flash.o
    0x08003308   0x00000034   Code   RO         3726    i.SPI_FLASH_WaitForWriteEnd  flash.o
    0x0800333c   0x00000024   Code   RO         3727    i.SPI_FLASH_WriteEnable  flash.o
    0x08003360   0x00000024   Code   RO         3728    i.SPI_Flash_PowerDown  flash.o
    0x08003384   0x00000012   Code   RO         2195    i.SPI_I2S_GetFlagStatus  stm32f10x_spi.o
    0x08003396   0x00000006   Code   RO         2198    i.SPI_I2S_ReceiveData  stm32f10x_spi.o
    0x0800339c   0x00000004   Code   RO         2199    i.SPI_I2S_SendData  stm32f10x_spi.o
    0x080033a0   0x0000003c   Code   RO         2200    i.SPI_Init          stm32f10x_spi.o
    0x080033dc   0x00000034   Code   RO         3249    i.SVC_Handler       stm32f10x_it.o
    0x08003410   0x000003e4   Code   RO         3654    i.SendDataToServ    aiderprotocol.o
    0x080037f4   0x00000094   Code   RO         3860    i.SendMessage       433_wiminet.o
    0x08003888   0x00000310   Code   RO         3114    i.SenserDataCollect  main.o
    0x08003b98   0x000000a0   Code   RO         3861    i.SetNodeBreathPeriod  433_wiminet.o
    0x08003c38   0x000000a0   Code   RO         3862    i.SetNodeBreathTime  433_wiminet.o
    0x08003cd8   0x000000f8   Code   RO         3863    i.SetNodeCentralFrequency  433_wiminet.o
    0x08003dd0   0x000000a0   Code   RO         3864    i.SetNodeFrequencyExpandBandwidth  433_wiminet.o
    0x08003e70   0x000000a0   Code   RO         3865    i.SetNodeFrequencyExpandFactor  433_wiminet.o
    0x08003f10   0x000000a8   Code   RO         3866    i.SetNodeID         433_wiminet.o
    0x08003fb8   0x000000a0   Code   RO         3867    i.SetNodeNetworkID  433_wiminet.o
    0x08004058   0x000000a0   Code   RO         3868    i.SetNodeSendPowerGrade  433_wiminet.o
    0x080040f8   0x00000008   Code   RO           24    i.SetSysClock       system_stm32f10x.o
    0x08004100   0x000000dc   Code   RO           25    i.SetSysClockTo72   system_stm32f10x.o
    0x080041dc   0x00000014   Code   RO         4283    i.Set_DS2780        test.o
    0x080041f0   0x0000019a   Code   RO         4077    i.Set_register_ds2780  ds2780.o
    0x0800438a   0x00000008   Code   RO         3250    i.SysTick_Handler   stm32f10x_it.o
    0x08004392   0x00000002   PAD
    0x08004394   0x0000007c   Code   RO         3440    i.SysTick_Init      bsp_systick.o
    0x08004410   0x00000060   Code   RO           27    i.SystemInit        system_stm32f10x.o
    0x08004470   0x00000054   Code   RO         3251    i.TIM3_IRQHandler   stm32f10x_it.o
    0x080044c4   0x00000006   Code   RO         2337    i.TIM_ClearITPendingBit  stm32f10x_tim.o
    0x080044ca   0x00000018   Code   RO         2342    i.TIM_Cmd           stm32f10x_tim.o
    0x080044e2   0x00000002   PAD
    0x080044e4   0x000001e8   Code   RO         2347    i.TIM_DeInit        stm32f10x_tim.o
    0x080046cc   0x00000022   Code   RO         2363    i.TIM_GetITStatus   stm32f10x_tim.o
    0x080046ee   0x00000012   Code   RO         2367    i.TIM_ITConfig      stm32f10x_tim.o
    0x08004700   0x00000080   Code   RO         3569    i.Time_Auto_Regulate  bsp_rtc.o
    0x08004780   0x00000014   Code   RO         3570    i.Time_Display      bsp_rtc.o
    0x08004794   0x00000018   Code   RO         3441    i.TimingDelay_Decrement  bsp_systick.o
    0x080047ac   0x00000a90   Code   RO         3656    i.Treaty_Data_Analysis  aiderprotocol.o
    0x0800523c   0x0000009c   Code   RO         3252    i.UART4_IRQHandler  stm32f10x_it.o
    0x080052d8   0x0000009e   Code   RO         3376    i.UART_NVIC_Configuration  bsp_usart.o
    0x08005376   0x00000002   PAD
    0x08005378   0x000000dc   Code   RO         3377    i.USART1_Config     bsp_usart.o
    0x08005454   0x00000078   Code   RO         3253    i.USART1_IRQHandler  stm32f10x_it.o
    0x080054cc   0x00000094   Code   RO         3378    i.USART2_Config     bsp_usart.o
    0x08005560   0x00000068   Code   RO         3379    i.USART2_DMA_Config  bsp_usart.o
    0x080055c8   0x00000058   Code   RO         3254    i.USART2_IRQHandler  stm32f10x_it.o
    0x08005620   0x000000ac   Code   RO         3382    i.USART4_Config     bsp_usart.o
    0x080056cc   0x00000012   Code   RO         2874    i.USART_ClearFlag   stm32f10x_usart.o
    0x080056de   0x0000001e   Code   RO         2875    i.USART_ClearITPendingBit  stm32f10x_usart.o
    0x080056fc   0x00000018   Code   RO         2878    i.USART_Cmd         stm32f10x_usart.o
    0x08005714   0x00000012   Code   RO         2879    i.USART_DMACmd      stm32f10x_usart.o
    0x08005726   0x00000030   Code   RO         3475    i.USART_DataBlock_Send  gprs.o
    0x08005756   0x0000001a   Code   RO         2881    i.USART_GetFlagStatus  stm32f10x_usart.o
    0x08005770   0x00000054   Code   RO         2882    i.USART_GetITStatus  stm32f10x_usart.o
    0x080057c4   0x0000004a   Code   RO         2884    i.USART_ITConfig    stm32f10x_usart.o
    0x0800580e   0x00000002   PAD
    0x08005810   0x000000d8   Code   RO         2885    i.USART_Init        stm32f10x_usart.o
    0x080058e8   0x0000000a   Code   RO         2892    i.USART_ReceiveData  stm32f10x_usart.o
    0x080058f2   0x00000008   Code   RO         2895    i.USART_SendData    stm32f10x_usart.o
    0x080058fa   0x00000002   PAD
    0x080058fc   0x00000390   Code   RO         3657    i.UploadFlash       aiderprotocol.o
    0x08005c8c   0x00000038   Code   RO         3255    i.UsageFault_Handler  stm32f10x_it.o
    0x08005cc4   0x0000000c   Code   RO         3054    i.WWDG_ClearFlag    stm32f10x_wwdg.o
    0x08005cd0   0x00000010   Code   RO         3056    i.WWDG_Enable       stm32f10x_wwdg.o
    0x08005ce0   0x0000000c   Code   RO         3057    i.WWDG_EnableIT     stm32f10x_wwdg.o
    0x08005cec   0x0000002c   Code   RO         3256    i.WWDG_IRQHandler   stm32f10x_it.o
    0x08005d18   0x00000060   Code   RO         3636    i.WWDG_Init         watchdog.o
    0x08005d78   0x00000010   Code   RO         3059    i.WWDG_SetCounter   stm32f10x_wwdg.o
    0x08005d88   0x00000018   Code   RO         3060    i.WWDG_SetPrescaler  stm32f10x_wwdg.o
    0x08005da0   0x00000028   Code   RO         3061    i.WWDG_SetWindowValue  stm32f10x_wwdg.o
    0x08005dc8   0x00000020   Code   RO         4636    i.__0printf         mc_w.l(printfa.o)
    0x08005de8   0x0000000e   Code   RO         4766    i.__scatterload_copy  mc_w.l(handlers.o)
    0x08005df6   0x00000002   Code   RO         4767    i.__scatterload_null  mc_w.l(handlers.o)
    0x08005df8   0x0000000e   Code   RO         4768    i.__scatterload_zeroinit  mc_w.l(handlers.o)
    0x08005e06   0x00000002   PAD
    0x08005e08   0x0000015c   Code   RO         4643    i._fp_digits        mc_w.l(printfa.o)
    0x08005f64   0x000006f0   Code   RO         4644    i._printf_core      mc_w.l(printfa.o)
    0x08006654   0x00000026   Code   RO         4645    i._printf_post_padding  mc_w.l(printfa.o)
    0x0800667a   0x00000030   Code   RO         4646    i._printf_pre_padding  mc_w.l(printfa.o)
    0x080066aa   0x00000016   Code   RO         4078    i.copy_data_ds2780  ds2780.o
    0x080066c0   0x00000024   Code   RO         3384    i.fputc             bsp_usart.o
    0x080066e4   0x00000084   Code   RO         4079    i.get_ACR           ds2780.o
    0x08006768   0x00000050   Code   RO         4082    i.get_RAAC          ds2780.o
    0x080067b8   0x0000008c   Code   RO         4085    i.get_current       ds2780.o
    0x08006844   0x00000058   Code   RO         4088    i.get_voltage       ds2780.o
    0x0800689c   0x000000c0   Code   RO         4060    i.gotoSleep         common.o
    0x0800695c   0x0000011c   Code   RO         3116    i.main              main.o
    0x08006a78   0x00000080   Code   RO         3610    i.mktimev           bsp_date.o
    0x08006af8   0x00000048   Code   RO         3479    i.mput_mix          gprs.o
    0x08006b40   0x0000001a   Code   RO         4042    i.ntohl             api-platform.o
    0x08006b5a   0x0000000c   Code   RO         4043    i.ntohs             api-platform.o
    0x08006b66   0x00000002   PAD
    0x08006b68   0x00000038   Code   RO         4089    i.read_bit          ds2780.o
    0x08006ba0   0x00000022   Code   RO         4090    i.read_byte         ds2780.o
    0x08006bc2   0x00000018   Code   RO         4091    i.read_byte_data    ds2780.o
    0x08006bda   0x00000002   PAD
    0x08006bdc   0x00000044   Code   RO         4093    i.reset             ds2780.o
    0x08006c20   0x00000064   Code   RO         4094    i.set_ACR           ds2780.o
    0x08006c84   0x000000cc   Code   RO         3611    i.to_tm             bsp_date.o
    0x08006d50   0x0000005c   Code   RO         4096    i.write_byte        ds2780.o
    0x08006dac   0x0000001e   Code   RO         4097    i.write_data        ds2780.o
    0x08006dca   0x0000002c   Code   RO         4098    i.write_ds2780_cmd  ds2780.o
    0x08006df6   0x00000002   PAD
    0x08006df8   0x00000048   Data   RO         3118    .constdata          main.o
    0x08006e40   0x00000034   Data   RO         3612    .constdata          bsp_date.o
    0x08006e74   0x00000085   Data   RO         4332    .constdata          sensor-adc.o
    0x08006ef9   0x00000003   PAD
    0x08006efc   0x00000020   Data   RO         4764    Region$$Table       anon$$obj.o


    Execution Region RW_IRAM1 (Base: 0x20000000, Size: 0x000014f0, Max: 0x0000c000, ABSOLUTE)

    Base Addr    Size         Type   Attr      Idx    E Section Name        Object

    0x20000000   0x00000014   Data   RW           28    .data               system_stm32f10x.o
    0x20000014   0x00000014   Data   RW         1738    .data               stm32f10x_rcc.o
    0x20000028   0x0000001c   Data   RW         3119    .data               main.o
    0x20000044   0x00000004   Data   RW         3442    .data               bsp_systick.o
    0x20000048   0x00000002   Data   RW         3482    .data               gprs.o
    0x2000004a   0x00000002   PAD
    0x2000004c   0x00000030   Data   RW         3613    .data               bsp_date.o
    0x2000007c   0x00000001   Data   RW         3637    .data               watchdog.o
    0x2000007d   0x00000001   Data   RW         3660    .data               aiderprotocol.o
    0x2000007e   0x00000002   PAD
    0x20000080   0x00000009   Data   RW         3731    .data               flash.o
    0x20000089   0x00000001   Data   RW         4099    .data               ds2780.o
    0x2000008a   0x00000002   PAD
    0x2000008c   0x0000000d   Data   RW         4244    .data               modbus.o
    0x20000099   0x00000001   PAD
    0x2000009a   0x00000002   Data   RW         4333    .data               sensor-adc.o
    0x2000009c   0x00000004   Data   RW         4393    .data               mc_w.l(rand.o)
    0x200000a0   0x00000004   Data   RW         4733    .data               mc_w.l(stdout.o)
    0x200000a4   0x0000074d   Zero   RW         3117    .bss                main.o
    0x200007f1   0x00000003   PAD
    0x200007f4   0x000003f8   Zero   RW         3385    .bss                bsp_usart.o
    0x20000bec   0x00000437   Zero   RW         3481    .bss                gprs.o
    0x20001023   0x000000c8   Zero   RW         4243    .bss                modbus.o
    0x200010eb   0x00000005   PAD
    0x200010f0   0x00000400   Zero   RW            1    STACK               startup_stm32f10x_hd.o


==============================================================================

Image component sizes


      Code (inc. data)   RO Data    RW Data    ZI Data      Debug   Object Name

      3224        672          0          0          0      17183   433_wiminet.o
      4612        918          0          1          0       6985   aiderprotocol.o
        38          0          0          0          0       1116   api-platform.o
       480         18         52         48          0       2497   bsp_date.o
       336         42          0          0          0       3696   bsp_rtc.o
       204         28          0          4          0      17221   bsp_systick.o
       838         50          0          0       1016       4312   bsp_usart.o
       192         80          0          0          0        588   common.o
         0          0          0          0          0       4224   core_cm3.o
      1684         86          0          1          0      10624   ds2780.o
      1394        136          0          9          0      10081   flash.o
      2206        592          0          2       1079       7547   gprs.o
      2276        760         72         28       1869      12263   main.o
       136         24          0          0          0       1507   misc.o
         0          0          0         13        200       1510   modbus.o
       696         52        133          2          0       3204   sensor-adc.o
        36          8        304          0       1024        828   startup_stm32f10x_hd.o
       390         10          0          0          0      16297   stm32f10x_adc.o
        84         16          0          0          0       3139   stm32f10x_bkp.o
       424          8          0          0          0       3927   stm32f10x_dma.o
       300          0          0          0          0       3588   stm32f10x_gpio.o
       950        420          0          0          0       8198   stm32f10x_it.o
        76         22          0          0          0       1476   stm32f10x_pwr.o
       568         90          0         20          0       9707   stm32f10x_rcc.o
       252         46          0          0          0       5024   stm32f10x_rtc.o
       112          0          0          0          0       3754   stm32f10x_spi.o
       570         64          0          0          0       3580   stm32f10x_tim.o
       508          6          0          0          0       7788   stm32f10x_usart.o
       120         32          0          0          0       3635   stm32f10x_wwdg.o
       324         26          0         20          0     267317   system_stm32f10x.o
        20          0          0          0          0        437   test.o
        96          6          0          1          0        859   watchdog.o

    ----------------------------------------------------------------------
     23170       4212        596        156       5196     444112   Object Totals
         0          0         32          0          0          0   (incl. Generated)
        24          0          3          7          8          0   (incl. Padding)

    ----------------------------------------------------------------------

      Code (inc. data)   RO Data    RW Data    ZI Data      Debug   Library Member Name

         0          0          0          0          0          0   entry.o
         0          0          0          0          0          0   entry10a.o
         0          0          0          0          0          0   entry11a.o
         8          4          0          0          0          0   entry2.o
         4          0          0          0          0          0   entry5.o
         0          0          0          0          0          0   entry7b.o
         0          0          0          0          0          0   entry8b.o
         8          4          0          0          0          0   entry9a.o
        30          0          0          0          0          0   handlers.o
        36          8          0          0          0         68   init.o
         0          0          0          0          0          0   iusefp.o
        30          0          0          0          0         68   llshl.o
        36          0          0          0          0         68   llsshr.o
        32          0          0          0          0         68   llushr.o
        36          0          0          0          0         68   memcpya.o
        36          0          0          0          0        108   memseta.o
      2242         90          0          0          0        444   printfa.o
        36         10          0          4          0        136   rand.o
         0          0          0          4          0          0   stdout.o
        14          0          0          0          0         68   strlen.o
        44          0          0          0          0         80   uidiv.o
        98          0          0          0          0         92   uldiv.o
        40          2          0          0          0         68   cdcmple.o
        40          2          0          0          0         68   cdrcmple.o
        20          0          0          0          0         68   cfcmple.o
        20          0          0          0          0         68   cfrcmple.o
        56          0          0          0          0         88   d2f.o
       334          0          0          0          0        148   dadd.o
       222          0          0          0          0        100   ddiv.o
       190          0          0          0          0        176   depilogue.o
        50          0          0          0          0         76   dfixui.o
        48          0          0          0          0         68   dfixul.o
        34          0          0          0          0         76   dflti.o
        26          0          0          0          0         76   dfltui.o
       228          0          0          0          0         96   dmul.o
        38          0          0          0          0         68   f2d.o
       176          0          0          0          0        140   fadd.o
       128          0          0          0          0         88   fdiv.o
       108          0          0          0          0        168   fepilogue.o
        50          0          0          0          0         68   ffixi.o
        40          0          0          0          0         68   ffixui.o
        18          0          0          0          0         68   fflti.o
        10          0          0          0          0         68   ffltui.o
       108          0          0          0          0         76   fmul.o

    ----------------------------------------------------------------------
      4678        120          0          8          0       3256   Library Totals
         4          0          0          0          0          0   (incl. Padding)

    ----------------------------------------------------------------------

      Code (inc. data)   RO Data    RW Data    ZI Data      Debug   Library Name

      2690        116          0          8          0       1268   mc_w.l
      1984          4          0          0          0       1988   mf_w.l

    ----------------------------------------------------------------------
      4678        120          0          8          0       3256   Library Totals

    ----------------------------------------------------------------------

==============================================================================


      Code (inc. data)   RO Data    RW Data    ZI Data      Debug   

     27848       4332        596        164       5196     435876   Grand Totals
     27848       4332        596        164       5196     435876   ELF Image Totals
     27848       4332        596        164          0          0   ROM Totals

==============================================================================

    Total RO  Size (Code + RO Data)                28444 (  27.78kB)
    Total RW  Size (RW Data + ZI Data)              5360 (   5.23kB)
    Total ROM Size (Code + RO Data + RW Data)      28608 (  27.94kB)

==============================================================================

